<frozen runpy>:128: RuntimeWarning: 'jackpotchain.cli.main' found in sys.modules after import of package 'jackpotchain.cli', but prior to execution of 'jackpotchain.cli.main'; this may result in unpredictable behaviour
NAT 포트 매핑 실패 - 아웃바운드 전용 모드로 동작
Starting JackpotChain node on port 9336...
Data directory: ./data2
[Chain] Created genesis block
[NAT] 포트 매핑 실패 - 아웃바운드 전용 모드
Node running. RPC at http://127.0.0.1:9337
Press Ctrl+C to stop
[SYNC] VERSION 전송: height=0 to 127.0.0.1:9334
Mining enabled. Reward address: WsQdsBg45NzVXNxjHvdH5i2x8hNSSptHWK

[Miner] Mining block 1...
[SYNC] VERSION 수신: height=61 from 127.0.0.1:9334
[SYNC] IBD 시작: 로컬=0, 피어=61, 주소=127.0.0.1:9334
[SYNC] GETBLOCKS 요청: locator 크기=1, 현재 높이=0
[SYNC] INV 수신: 블록 61개, TX 0개 from 127.0.0.1:9334
[SYNC] 블록 61개 대기열에 추가, 순차 다운로드 시작
[SYNC] GETDATA 요청: 1개 블록 (대기: 61개)
[SYNC] BLOCK 수신: hash=000011d2f97a7e80... from 127.0.0.1:9334
[CHAIN] 블록 추가 성공: height=1, hash=000011d2f97a7e80...
[CHAIN] 피어 블록 추가 성공: height=1
[SYNC] GETDATA 요청: 1개 블록 (대기: 60개)
[SYNC] BLOCK 수신: hash=00000d2f8666c957... from 127.0.0.1:9334
[CHAIN] 블록 추가 성공: height=2, hash=00000d2f8666c957...
[CHAIN] 피어 블록 추가 성공: height=2
[SYNC] GETDATA 요청: 1개 블록 (대기: 59개)
[SYNC] BLOCK 수신: hash=00001c98664302fa... from 127.0.0.1:9334
[CHAIN] 블록 추가 성공: height=3, hash=00001c98664302fa...
[CHAIN] 피어 블록 추가 성공: height=3
[SYNC] GETDATA 요청: 1개 블록 (대기: 58개)
[SYNC] INV 수신: 블록 1개, TX 0개 from 127.0.0.1:9334
[SYNC] 블록 1개 대기열에 추가, 순차 다운로드 시작
[SYNC] GETDATA 요청: 1개 블록 (대기: 1개)
[SYNC] BLOCK 수신: hash=00000ecbaa810796... from 127.0.0.1:9334
[CHAIN] 블록 추가 성공: height=4, hash=00000ecbaa810796...
[CHAIN] 피어 블록 추가 성공: height=4
[SYNC] BLOCK 수신: hash=000010f084de5d8f... from 127.0.0.1:9334
[SYNC] 이전 블록 없음, GETBLOCKS 요청 (prev=00001aa7f569cc4b...)
[SYNC] GETBLOCKS 요청: locator 크기=5, 현재 높이=4
[SYNC] INV 수신: 블록 58개, TX 0개 from 127.0.0.1:9334
[SYNC] 블록 58개 대기열에 추가, 순차 다운로드 시작
[SYNC] GETDATA 요청: 1개 블록 (대기: 58개)
[SYNC] BLOCK 수신: hash=00000098c084f6df... from 127.0.0.1:9334
[CHAIN] 블록 추가 성공: height=5, hash=00000098c084f6df...
[CHAIN] 피어 블록 추가 성공: height=5
[SYNC] GETDATA 요청: 1개 블록 (대기: 57개)
[SYNC] BLOCK 수신: hash=00001e40b2b6c00e... from 127.0.0.1:9334
[CHAIN] 블록 추가 성공: height=6, hash=00001e40b2b6c00e...
[CHAIN] 피어 블록 추가 성공: height=6
[SYNC] GETDATA 요청: 1개 블록 (대기: 56개)
[SYNC] BLOCK 수신: hash=00000a1863a0753b... from 127.0.0.1:9334
[CHAIN] 블록 추가 성공: height=7, hash=00000a1863a0753b...
[CHAIN] 피어 블록 추가 성공: height=7
[SYNC] GETDATA 요청: 1개 블록 (대기: 55개)
[SYNC] BLOCK 수신: hash=0000198c24b3c526... from 127.0.0.1:9334
[CHAIN] 블록 추가 성공: height=8, hash=0000198c24b3c526...
[CHAIN] 피어 블록 추가 성공: height=8
[SYNC] GETDATA 요청: 1개 블록 (대기: 54개)
[SYNC] BLOCK 수신: hash=0000080cc6cddb8d... from 127.0.0.1:9334
[CHAIN] 블록 추가 성공: height=9, hash=0000080cc6cddb8d...
[CHAIN] 피어 블록 추가 성공: height=9
[SYNC] GETDATA 요청: 1개 블록 (대기: 53개)
[SYNC] BLOCK 수신: hash=00001dcd0bf269d2... from 127.0.0.1:9334
[CHAIN] 블록 추가 성공: height=10, hash=00001dcd0bf269d2...
[CHAIN] 피어 블록 추가 성공: height=10
[SYNC] GETDATA 요청: 1개 블록 (대기: 52개)
[SYNC] BLOCK 수신: hash=000016f8e5ed74ff... from 127.0.0.1:9334
[CHAIN] 블록 추가 성공: height=11, hash=000016f8e5ed74ff...
[CHAIN] 피어 블록 추가 성공: height=11
[SYNC] GETDATA 요청: 1개 블록 (대기: 51개)
[SYNC] BLOCK 수신: hash=000016d71f87c34e... from 127.0.0.1:9334
[CHAIN] 블록 추가 성공: height=12, hash=000016d71f87c34e...
[CHAIN] 피어 블록 추가 성공: height=12
[SYNC] GETDATA 요청: 1개 블록 (대기: 50개)
[SYNC] BLOCK 수신: hash=00001fbe83d9e86c... from 127.0.0.1:9334
[CHAIN] 블록 추가 성공: height=13, hash=00001fbe83d9e86c...
[CHAIN] 피어 블록 추가 성공: height=13
[SYNC] GETDATA 요청: 1개 블록 (대기: 49개)
[SYNC] BLOCK 수신: hash=00001400d3c8023d... from 127.0.0.1:9334
[CHAIN] 블록 추가 성공: height=14, hash=00001400d3c8023d...
[CHAIN] 피어 블록 추가 성공: height=14
[SYNC] GETDATA 요청: 1개 블록 (대기: 48개)
[SYNC] BLOCK 수신: hash=0000081aac1e8082... from 127.0.0.1:9334
[CHAIN] 블록 추가 성공: height=15, hash=0000081aac1e8082...
[CHAIN] 피어 블록 추가 성공: height=15
[SYNC] GETDATA 요청: 1개 블록 (대기: 47개)
[SYNC] INV 수신: 블록 1개, TX 0개 from 127.0.0.1:9334
[SYNC] 블록 1개 대기열에 추가, 순차 다운로드 시작
[SYNC] GETDATA 요청: 1개 블록 (대기: 1개)
[SYNC] BLOCK 수신: hash=00000ab4742adf2c... from 127.0.0.1:9334
[CHAIN] 블록 추가 성공: height=16, hash=00000ab4742adf2c...
[CHAIN] 피어 블록 추가 성공: height=16
[SYNC] BLOCK 수신: hash=000000f7b62752ad... from 127.0.0.1:9334
[SYNC] 이전 블록 없음, GETBLOCKS 요청 (prev=000010f084de5d8f...)
[SYNC] GETBLOCKS 요청: locator 크기=12, 현재 높이=16
[SYNC] INV 수신: 블록 47개, TX 0개 from 127.0.0.1:9334
[SYNC] 블록 47개 대기열에 추가, 순차 다운로드 시작
[SYNC] GETDATA 요청: 1개 블록 (대기: 47개)
[SYNC] BLOCK 수신: hash=00001b13eb5a2392... from 127.0.0.1:9334
[CHAIN] 블록 추가 성공: height=17, hash=00001b13eb5a2392...
[CHAIN] 피어 블록 추가 성공: height=17
[SYNC] GETDATA 요청: 1개 블록 (대기: 46개)
[SYNC] BLOCK 수신: hash=000013e67338dd51... from 127.0.0.1:9334
[CHAIN] 블록 추가 성공: height=18, hash=000013e67338dd51...
[CHAIN] 피어 블록 추가 성공: height=18
[SYNC] GETDATA 요청: 1개 블록 (대기: 45개)
[SYNC] BLOCK 수신: hash=00001e63a5bde4ab... from 127.0.0.1:9334
[CHAIN] 블록 추가 성공: height=19, hash=00001e63a5bde4ab...
[CHAIN] 피어 블록 추가 성공: height=19
[SYNC] GETDATA 요청: 1개 블록 (대기: 44개)
[SYNC] BLOCK 수신: hash=000003b9272f8696... from 127.0.0.1:9334
[CHAIN] 블록 추가 성공: height=20, hash=000003b9272f8696...
[CHAIN] 피어 블록 추가 성공: height=20
[SYNC] GETDATA 요청: 1개 블록 (대기: 43개)
[SYNC] BLOCK 수신: hash=00001b425b775b91... from 127.0.0.1:9334
[CHAIN] 블록 추가 성공: height=21, hash=00001b425b775b91...
[CHAIN] 피어 블록 추가 성공: height=21
[SYNC] GETDATA 요청: 1개 블록 (대기: 42개)
[SYNC] BLOCK 수신: hash=0000122a630f15a6... from 127.0.0.1:9334
[CHAIN] 블록 추가 성공: height=22, hash=0000122a630f15a6...
[CHAIN] 피어 블록 추가 성공: height=22
[SYNC] GETDATA 요청: 1개 블록 (대기: 41개)
[SYNC] BLOCK 수신: hash=00001663d3728503... from 127.0.0.1:9334
[CHAIN] 블록 추가 성공: height=23, hash=00001663d3728503...
[CHAIN] 피어 블록 추가 성공: height=23
[SYNC] GETDATA 요청: 1개 블록 (대기: 40개)
[SYNC] BLOCK 수신: hash=0000147224cd8ea5... from 127.0.0.1:9334
[CHAIN] 블록 추가 성공: height=24, hash=0000147224cd8ea5...
[CHAIN] 피어 블록 추가 성공: height=24
[SYNC] GETDATA 요청: 1개 블록 (대기: 39개)
[SYNC] BLOCK 수신: hash=00001a87760c5e92... from 127.0.0.1:9334
[CHAIN] 블록 추가 성공: height=25, hash=00001a87760c5e92...
[CHAIN] 피어 블록 추가 성공: height=25
[SYNC] GETDATA 요청: 1개 블록 (대기: 38개)
[SYNC] BLOCK 수신: hash=0000125d865f3fe7... from 127.0.0.1:9334
[CHAIN] 블록 추가 성공: height=26, hash=0000125d865f3fe7...
[CHAIN] 피어 블록 추가 성공: height=26
[SYNC] GETDATA 요청: 1개 블록 (대기: 37개)
[SYNC] BLOCK 수신: hash=00001e615adb800d... from 127.0.0.1:9334
[CHAIN] 블록 추가 성공: height=27, hash=00001e615adb800d...
[CHAIN] 피어 블록 추가 성공: height=27
[SYNC] GETDATA 요청: 1개 블록 (대기: 36개)
[SYNC] BLOCK 수신: hash=000005b046ad9f7c... from 127.0.0.1:9334
[CHAIN] 블록 추가 성공: height=28, hash=000005b046ad9f7c...
[CHAIN] 피어 블록 추가 성공: height=28
[SYNC] GETDATA 요청: 1개 블록 (대기: 35개)
[SYNC] BLOCK 수신: hash=000019a4a7e73a9e... from 127.0.0.1:9334
[CHAIN] 블록 추가 성공: height=29, hash=000019a4a7e73a9e...
[CHAIN] 피어 블록 추가 성공: height=29
[SYNC] GETDATA 요청: 1개 블록 (대기: 34개)
[SYNC] BLOCK 수신: hash=000009524ae2a7f5... from 127.0.0.1:9334
[CHAIN] 블록 추가 성공: height=30, hash=000009524ae2a7f5...
[CHAIN] 피어 블록 추가 성공: height=30
[SYNC] GETDATA 요청: 1개 블록 (대기: 33개)
[SYNC] BLOCK 수신: hash=0000181f2f76a03f... from 127.0.0.1:9334
[CHAIN] 블록 추가 성공: height=31, hash=0000181f2f76a03f...
[CHAIN] 피어 블록 추가 성공: height=31
[SYNC] GETDATA 요청: 1개 블록 (대기: 32개)
[SYNC] BLOCK 수신: hash=00001f9071fc0033... from 127.0.0.1:9334
[CHAIN] 블록 추가 성공: height=32, hash=00001f9071fc0033...
[CHAIN] 피어 블록 추가 성공: height=32
[SYNC] GETDATA 요청: 1개 블록 (대기: 31개)
[SYNC] BLOCK 수신: hash=00001789cf62bb81... from 127.0.0.1:9334
[CHAIN] 블록 추가 성공: height=33, hash=00001789cf62bb81...
[CHAIN] 피어 블록 추가 성공: height=33
[SYNC] GETDATA 요청: 1개 블록 (대기: 30개)
[SYNC] BLOCK 수신: hash=000014d043797219... from 127.0.0.1:9334
[CHAIN] 블록 추가 성공: height=34, hash=000014d043797219...
[CHAIN] 피어 블록 추가 성공: height=34
[SYNC] GETDATA 요청: 1개 블록 (대기: 29개)
[SYNC] BLOCK 수신: hash=00001ad404e654cb... from 127.0.0.1:9334
[CHAIN] 블록 추가 성공: height=35, hash=00001ad404e654cb...
[CHAIN] 피어 블록 추가 성공: height=35
[SYNC] GETDATA 요청: 1개 블록 (대기: 28개)
[SYNC] BLOCK 수신: hash=00001ca5cf934b8e... from 127.0.0.1:9334
[CHAIN] 블록 추가 성공: height=36, hash=00001ca5cf934b8e...
[CHAIN] 피어 블록 추가 성공: height=36
[SYNC] GETDATA 요청: 1개 블록 (대기: 27개)
[SYNC] BLOCK 수신: hash=00001afd236203fc... from 127.0.0.1:9334
[CHAIN] 블록 추가 성공: height=37, hash=00001afd236203fc...
[CHAIN] 피어 블록 추가 성공: height=37
[SYNC] GETDATA 요청: 1개 블록 (대기: 26개)
[SYNC] BLOCK 수신: hash=0000146960fd7c0f... from 127.0.0.1:9334
[CHAIN] 블록 추가 성공: height=38, hash=0000146960fd7c0f...
[CHAIN] 피어 블록 추가 성공: height=38
[SYNC] GETDATA 요청: 1개 블록 (대기: 25개)
[SYNC] BLOCK 수신: hash=00001edc12281ec1... from 127.0.0.1:9334
[CHAIN] 블록 추가 성공: height=39, hash=00001edc12281ec1...
[CHAIN] 피어 블록 추가 성공: height=39
[SYNC] GETDATA 요청: 1개 블록 (대기: 24개)
[SYNC] BLOCK 수신: hash=00001b61cb29536b... from 127.0.0.1:9334
[CHAIN] 블록 추가 성공: height=40, hash=00001b61cb29536b...
[CHAIN] 피어 블록 추가 성공: height=40
[SYNC] GETDATA 요청: 1개 블록 (대기: 23개)
[SYNC] BLOCK 수신: hash=0000101077a40ec8... from 127.0.0.1:9334
[CHAIN] 블록 추가 성공: height=41, hash=0000101077a40ec8...
[CHAIN] 피어 블록 추가 성공: height=41
[SYNC] GETDATA 요청: 1개 블록 (대기: 22개)
[SYNC] BLOCK 수신: hash=00000b91b7f81045... from 127.0.0.1:9334
[CHAIN] 블록 추가 성공: height=42, hash=00000b91b7f81045...
[CHAIN] 피어 블록 추가 성공: height=42
[SYNC] GETDATA 요청: 1개 블록 (대기: 21개)
[SYNC] BLOCK 수신: hash=000016455296552e... from 127.0.0.1:9334
[CHAIN] 블록 추가 성공: height=43, hash=000016455296552e...
[CHAIN] 피어 블록 추가 성공: height=43
[SYNC] GETDATA 요청: 1개 블록 (대기: 20개)
[SYNC] BLOCK 수신: hash=0000147a4968b676... from 127.0.0.1:9334
[CHAIN] 블록 추가 성공: height=44, hash=0000147a4968b676...
[CHAIN] 피어 블록 추가 성공: height=44
[SYNC] GETDATA 요청: 1개 블록 (대기: 19개)
[SYNC] BLOCK 수신: hash=000014f189b32974... from 127.0.0.1:9334
[CHAIN] 블록 추가 성공: height=45, hash=000014f189b32974...
[CHAIN] 피어 블록 추가 성공: height=45
[SYNC] GETDATA 요청: 1개 블록 (대기: 18개)
[SYNC] BLOCK 수신: hash=0000146ce160c3df... from 127.0.0.1:9334
[CHAIN] 블록 추가 성공: height=46, hash=0000146ce160c3df...
[CHAIN] 피어 블록 추가 성공: height=46
[SYNC] GETDATA 요청: 1개 블록 (대기: 17개)
[SYNC] BLOCK 수신: hash=000010627e2b2ef3... from 127.0.0.1:9334
[CHAIN] 블록 추가 성공: height=47, hash=000010627e2b2ef3...
[CHAIN] 피어 블록 추가 성공: height=47
[SYNC] GETDATA 요청: 1개 블록 (대기: 16개)
[SYNC] BLOCK 수신: hash=0000069a04ec3dad... from 127.0.0.1:9334
[CHAIN] 블록 추가 성공: height=48, hash=0000069a04ec3dad...
[CHAIN] 피어 블록 추가 성공: height=48
[SYNC] GETDATA 요청: 1개 블록 (대기: 15개)
[SYNC] BLOCK 수신: hash=00001dba28ca5a37... from 127.0.0.1:9334
[CHAIN] 블록 추가 성공: height=49, hash=00001dba28ca5a37...
[CHAIN] 피어 블록 추가 성공: height=49
[SYNC] GETDATA 요청: 1개 블록 (대기: 14개)
[SYNC] BLOCK 수신: hash=000005127a04acad... from 127.0.0.1:9334
[CHAIN] 블록 추가 성공: height=50, hash=000005127a04acad...
[CHAIN] 피어 블록 추가 성공: height=50
[SYNC] GETDATA 요청: 1개 블록 (대기: 13개)
[SYNC] BLOCK 수신: hash=0000140bec2b10cb... from 127.0.0.1:9334
[CHAIN] 블록 추가 성공: height=51, hash=0000140bec2b10cb...
[CHAIN] 피어 블록 추가 성공: height=51
[SYNC] GETDATA 요청: 1개 블록 (대기: 12개)
[SYNC] BLOCK 수신: hash=00001df5a9fb6f79... from 127.0.0.1:9334
[CHAIN] 블록 추가 성공: height=52, hash=00001df5a9fb6f79...
[CHAIN] 피어 블록 추가 성공: height=52
[SYNC] GETDATA 요청: 1개 블록 (대기: 11개)
[SYNC] BLOCK 수신: hash=000004c8f706624f... from 127.0.0.1:9334
[CHAIN] 블록 추가 성공: height=53, hash=000004c8f706624f...
[CHAIN] 피어 블록 추가 성공: height=53
[SYNC] GETDATA 요청: 1개 블록 (대기: 10개)
[SYNC] BLOCK 수신: hash=00000a69ec7180f6... from 127.0.0.1:9334
[CHAIN] 블록 추가 성공: height=54, hash=00000a69ec7180f6...
[CHAIN] 피어 블록 추가 성공: height=54
[SYNC] GETDATA 요청: 1개 블록 (대기: 9개)
[SYNC] BLOCK 수신: hash=0000158a4cc0e58f... from 127.0.0.1:9334
[CHAIN] 블록 추가 성공: height=55, hash=0000158a4cc0e58f...
[CHAIN] 피어 블록 추가 성공: height=55
[SYNC] GETDATA 요청: 1개 블록 (대기: 8개)
[SYNC] BLOCK 수신: hash=00001dadf1008194... from 127.0.0.1:9334
[CHAIN] 블록 추가 성공: height=56, hash=00001dadf1008194...
[CHAIN] 피어 블록 추가 성공: height=56
[SYNC] GETDATA 요청: 1개 블록 (대기: 7개)
[SYNC] BLOCK 수신: hash=00000480b6f0f50d... from 127.0.0.1:9334
[CHAIN] 블록 추가 성공: height=57, hash=00000480b6f0f50d...
[CHAIN] 피어 블록 추가 성공: height=57
[SYNC] GETDATA 요청: 1개 블록 (대기: 6개)
[SYNC] BLOCK 수신: hash=000012de03d82408... from 127.0.0.1:9334
[CHAIN] 블록 추가 성공: height=58, hash=000012de03d82408...
[CHAIN] 피어 블록 추가 성공: height=58
[SYNC] GETDATA 요청: 1개 블록 (대기: 5개)
[SYNC] BLOCK 수신: hash=000005ef50027bae... from 127.0.0.1:9334
[CHAIN] 블록 추가 성공: height=59, hash=000005ef50027bae...
[CHAIN] 피어 블록 추가 성공: height=59
[SYNC] GETDATA 요청: 1개 블록 (대기: 4개)
[SYNC] BLOCK 수신: hash=0000035c3a20b51a... from 127.0.0.1:9334
[CHAIN] 블록 추가 성공: height=60, hash=0000035c3a20b51a...
[CHAIN] 피어 블록 추가 성공: height=60
[SYNC] GETDATA 요청: 1개 블록 (대기: 3개)
[SYNC] BLOCK 수신: hash=00001aa7f569cc4b... from 127.0.0.1:9334
[CHAIN] 블록 추가 성공: height=61, hash=00001aa7f569cc4b...
[CHAIN] 피어 블록 추가 성공: height=61
[SYNC] GETDATA 요청: 1개 블록 (대기: 2개)
[SYNC] BLOCK 수신: hash=000010f084de5d8f... from 127.0.0.1:9334
[CHAIN] 블록 추가 성공: height=62, hash=000010f084de5d8f...
[CHAIN] 피어 블록 추가 성공: height=62
[SYNC] GETDATA 요청: 1개 블록 (대기: 1개)
[SYNC] BLOCK 수신: hash=000000f7b62752ad... from 127.0.0.1:9334
[CHAIN] 블록 추가 성공: height=63, hash=000000f7b62752ad...
[CHAIN] 피어 블록 추가 성공: height=63
[SYNC] 동기화 완료! 현재 높이: 63
[SYNC] INV 수신: 블록 1개, TX 0개 from 127.0.0.1:9334
[SYNC] 블록 1개 대기열에 추가, 순차 다운로드 시작
[SYNC] GETDATA 요청: 1개 블록 (대기: 1개)
[SYNC] BLOCK 수신: hash=00000356bb4eb433... from 127.0.0.1:9334
[CHAIN] 블록 추가 성공: height=64, hash=00000356bb4eb433...
[CHAIN] 피어 블록 추가 성공: height=64
[SYNC] 동기화 완료! 현재 높이: 64
[SYNC] INV 수신: 블록 1개, TX 0개 from 127.0.0.1:9334
[SYNC] 블록 1개 대기열에 추가, 순차 다운로드 시작
[SYNC] GETDATA 요청: 1개 블록 (대기: 1개)
[SYNC] BLOCK 수신: hash=00000b9b0065191f... from 127.0.0.1:9334
[CHAIN] 블록 추가 성공: height=65, hash=00000b9b0065191f...
[CHAIN] 피어 블록 추가 성공: height=65
[SYNC] 동기화 완료! 현재 높이: 65

[Miner] Mining block 66...
[SYNC] INV 수신: 블록 1개, TX 0개 from 127.0.0.1:9334
[SYNC] 블록 1개 대기열에 추가, 순차 다운로드 시작
[SYNC] GETDATA 요청: 1개 블록 (대기: 1개)
[SYNC] BLOCK 수신: hash=000012e76681c8c4... from 127.0.0.1:9334
[CHAIN] 블록 추가 성공: height=66, hash=000012e76681c8c4...
[CHAIN] 피어 블록 추가 성공: height=66
[SYNC] 동기화 완료! 현재 높이: 66

==================================================
[Miner] *** BLOCK FOUND! ***
  Height: 66
  Hash: 295dbfbd74f4c3810c5a3a9e6f0af7aadb791e5aa8f16b37d9f791d8e9120000
  Nonce: 739797
  Time: 1.86s
  Hashrate: 396679 H/s
  Total mined: 1
==================================================

[CHAIN] 사이드 체인에 추가: hash=000012e9d891f7d9...
[Miner] Block added and broadcasted. New height: 66

[Miner] Mining block 67...

==================================================
[Miner] *** BLOCK FOUND! ***
  Height: 67
  Hash: 448324758454bd419a2682ca3f1b38fdda82cdb90b15aa263809fd0f82070000
  Nonce: 63628
  Time: 0.16s
  Hashrate: 408422 H/s
  Total mined: 2
==================================================

[CHAIN] 블록 추가 성공: height=67, hash=000007820ffd0938...
[Miner] Block added and broadcasted. New height: 67

[Miner] Mining block 68...

==================================================
[Miner] *** BLOCK FOUND! ***
  Height: 68
  Hash: dba4034740f015d6a6f22811de02cd131d93616dc4d8a01223cfa57684060000
  Nonce: 253395
  Time: 0.63s
  Hashrate: 401766 H/s
  Total mined: 3
==================================================

[CHAIN] 블록 추가 성공: height=68, hash=0000068476a5cf23...
[Miner] Block added and broadcasted. New height: 68

[Miner] Mining block 69...
[SYNC] INV 수신: 블록 1개, TX 0개 from 127.0.0.1:9334
[SYNC] 블록 1개 대기열에 추가, 순차 다운로드 시작
[SYNC] GETDATA 요청: 1개 블록 (대기: 1개)
[SYNC] BLOCK 수신: hash=00001bb1837046d9... from 127.0.0.1:9334
[CHAIN] 블록 추가 성공: height=69, hash=00001bb1837046d9...
[CHAIN] 피어 블록 추가 성공: height=69
[SYNC] 동기화 완료! 현재 높이: 69
[SYNC] INV 수신: 블록 1개, TX 0개 from 127.0.0.1:9334
[SYNC] 블록 1개 대기열에 추가, 순차 다운로드 시작
[SYNC] GETDATA 요청: 1개 블록 (대기: 1개)
[SYNC] BLOCK 수신: hash=0000094ab4328f19... from 127.0.0.1:9334
[CHAIN] 블록 추가 성공: height=70, hash=0000094ab4328f19...
[CHAIN] 피어 블록 추가 성공: height=70
[SYNC] 동기화 완료! 현재 높이: 70
[SYNC] INV 수신: 블록 1개, TX 0개 from 127.0.0.1:9334
[SYNC] 블록 1개 대기열에 추가, 순차 다운로드 시작
[SYNC] GETDATA 요청: 1개 블록 (대기: 1개)
[SYNC] BLOCK 수신: hash=0000076936927477... from 127.0.0.1:9334
[CHAIN] 블록 추가 성공: height=71, hash=0000076936927477...
[CHAIN] 피어 블록 추가 성공: height=71
[SYNC] 동기화 완료! 현재 높이: 71

[Miner] Mining block 72...
[SYNC] INV 수신: 블록 1개, TX 0개 from 127.0.0.1:9334
[SYNC] 블록 1개 대기열에 추가, 순차 다운로드 시작
[SYNC] GETDATA 요청: 1개 블록 (대기: 1개)
[SYNC] BLOCK 수신: hash=00000f76f722011d... from 127.0.0.1:9334
[CHAIN] 블록 추가 성공: height=72, hash=00000f76f722011d...
[CHAIN] 피어 블록 추가 성공: height=72
[SYNC] 동기화 완료! 현재 높이: 72
[SYNC] INV 수신: 블록 1개, TX 0개 from 127.0.0.1:9334
[SYNC] 블록 1개 대기열에 추가, 순차 다운로드 시작
[SYNC] GETDATA 요청: 1개 블록 (대기: 1개)
[SYNC] BLOCK 수신: hash=00001f03f38e06e2... from 127.0.0.1:9334
[CHAIN] 블록 추가 성공: height=73, hash=00001f03f38e06e2...
[CHAIN] 피어 블록 추가 성공: height=73
[SYNC] 동기화 완료! 현재 높이: 73

==================================================
[Miner] *** BLOCK FOUND! ***
  Height: 72
  Hash: d95944142598f35e0d2dd66eeec882c905ba74d9e01c163c62eeecb016160000
  Nonce: 415416
  Time: 1.04s
  Hashrate: 398207 H/s
  Total mined: 4
==================================================

[CHAIN] 사이드 체인에 추가: hash=00001616b0ecee62...
[Miner] Block added and broadcasted. New height: 73

[Miner] Mining block 74...

==================================================
[Miner] *** BLOCK FOUND! ***
  Height: 74
  Hash: 83920e7f5d777bc38254b9a409a39a830ba6efeea9a42dcd41dfde1a63160000
  Nonce: 271834
  Time: 0.68s
  Hashrate: 402144 H/s
  Total mined: 5
==================================================

[CHAIN] 블록 추가 성공: height=74, hash=000016631adedf41...
[Miner] Block added and broadcasted. New height: 74

[Miner] Mining block 75...

==================================================
[Miner] *** BLOCK FOUND! ***
  Height: 75
  Hash: 818dfa56c15e20d1016647f4d7131f199d18bec2b589bb548e49063ee3070000
  Nonce: 22626
  Time: 0.05s
  Hashrate: 414736 H/s
  Total mined: 6
==================================================

[CHAIN] 블록 추가 성공: height=75, hash=000007e33e06498e...
[Miner] Block added and broadcasted. New height: 75

[Miner] Mining block 76...

==================================================
[Miner] *** BLOCK FOUND! ***
  Height: 76
  Hash: 9ff8fb6842ae21937c5785d5dcf552ea82fd752ba5f4145a4aa79d48651d0000
  Nonce: 97122
  Time: 0.24s
  Hashrate: 410678 H/s
  Total mined: 7
==================================================

[CHAIN] 블록 추가 성공: height=76, hash=00001d65489da74a...
[Miner] Block added and broadcasted. New height: 76

[Miner] Mining block 77...

==================================================
[Miner] *** BLOCK FOUND! ***
  Height: 77
  Hash: 6f1187fc8b1e301757d413fa8e53d0d5dbf598227b2bb183e695496c941d0000
  Nonce: 37101
  Time: 0.09s
  Hashrate: 419984 H/s
  Total mined: 8
==================================================

[CHAIN] 블록 추가 성공: height=77, hash=00001d946c4995e6...
[Miner] Block added and broadcasted. New height: 77

[Miner] Mining block 78...
[SYNC] INV 수신: 블록 1개, TX 0개 from 127.0.0.1:9334
[SYNC] 블록 1개 대기열에 추가, 순차 다운로드 시작
[SYNC] GETDATA 요청: 1개 블록 (대기: 1개)
[SYNC] BLOCK 수신: hash=000018acdb7cf35d... from 127.0.0.1:9334
[CHAIN] 블록 추가 성공: height=78, hash=000018acdb7cf35d...
[CHAIN] 피어 블록 추가 성공: height=78
[SYNC] 동기화 완료! 현재 높이: 78

==================================================
[Miner] *** BLOCK FOUND! ***
  Height: 78
  Hash: f8befd1899757afcd08a7ab984baf1eebc38c175c8a31bb3bd8dda6fb51e0000
  Nonce: 841861
  Time: 2.09s
  Hashrate: 402930 H/s
  Total mined: 9
==================================================

[CHAIN] 사이드 체인에 추가: hash=00001eb56fda8dbd...
[Miner] Block added and broadcasted. New height: 78

[Miner] Mining block 79...
[SYNC] INV 수신: 블록 1개, TX 0개 from 127.0.0.1:9334
[SYNC] 블록 1개 대기열에 추가, 순차 다운로드 시작
[SYNC] GETDATA 요청: 1개 블록 (대기: 1개)
[SYNC] BLOCK 수신: hash=000014a5d2e2bc8d... from 127.0.0.1:9334
[CHAIN] 블록 추가 성공: height=79, hash=000014a5d2e2bc8d...
[CHAIN] 피어 블록 추가 성공: height=79
[SYNC] 동기화 완료! 현재 높이: 79
[SYNC] INV 수신: 블록 1개, TX 0개 from 127.0.0.1:9334
[SYNC] 블록 1개 대기열에 추가, 순차 다운로드 시작
[SYNC] GETDATA 요청: 1개 블록 (대기: 1개)
[SYNC] BLOCK 수신: hash=00001f8781e5effe... from 127.0.0.1:9334
[CHAIN] 블록 추가 성공: height=80, hash=00001f8781e5effe...
[CHAIN] 피어 블록 추가 성공: height=80
[SYNC] 동기화 완료! 현재 높이: 80
[SYNC] INV 수신: 블록 1개, TX 0개 from 127.0.0.1:9334
[SYNC] 블록 1개 대기열에 추가, 순차 다운로드 시작
[SYNC] GETDATA 요청: 1개 블록 (대기: 1개)
[SYNC] BLOCK 수신: hash=000009c38844548b... from 127.0.0.1:9334
[CHAIN] 블록 추가 성공: height=81, hash=000009c38844548b...
[CHAIN] 피어 블록 추가 성공: height=81
[SYNC] 동기화 완료! 현재 높이: 81
[SYNC] INV 수신: 블록 1개, TX 0개 from 127.0.0.1:9334
[SYNC] 블록 1개 대기열에 추가, 순차 다운로드 시작
[SYNC] GETDATA 요청: 1개 블록 (대기: 1개)
[SYNC] BLOCK 수신: hash=00000738e2fa5f14... from 127.0.0.1:9334
[CHAIN] 블록 추가 성공: height=82, hash=00000738e2fa5f14...
[CHAIN] 피어 블록 추가 성공: height=82
[SYNC] 동기화 완료! 현재 높이: 82

[Miner] Mining block 83...

==================================================
[Miner] *** BLOCK FOUND! ***
  Height: 83
  Hash: ae1b784777d459c21f18615789dc5dc8eed7d078854972d72b9301b63c1a0000
  Nonce: 261148
  Time: 0.67s
  Hashrate: 390502 H/s
  Total mined: 10
==================================================

[CHAIN] 블록 추가 성공: height=83, hash=00001a3cb601932b...
[Miner] Block added and broadcasted. New height: 83

[Miner] Mining block 84...

==================================================
[Miner] *** BLOCK FOUND! ***
  Height: 84
  Hash: 89e755d62d8e09b8882f459a749acf504389936d159bbd9eb57476c1230a0000
  Nonce: 267384
  Time: 0.64s
  Hashrate: 417359 H/s
  Total mined: 11
==================================================

[CHAIN] 블록 추가 성공: height=84, hash=00000a23c17674b5...
[Miner] Block added and broadcasted. New height: 84

[Miner] Mining block 85...

==================================================
[Miner] *** BLOCK FOUND! ***
  Height: 85
  Hash: 42fc25ca107f99fda056575d2f74a861ebbbe4ebe6799b8b54ab427719110000
  Nonce: 563788
  Time: 1.36s
  Hashrate: 413399 H/s
  Total mined: 12
==================================================

[CHAIN] 블록 추가 성공: height=85, hash=000011197742ab54...
[Miner] Block added and broadcasted. New height: 85

[Miner] Mining block 86...

==================================================
[Miner] *** BLOCK FOUND! ***
  Height: 86
  Hash: 0e7c9379e8daee918d92b5f83063edca8a41ea6c73c0a9eb33c93cc93f060000
  Nonce: 197631
  Time: 0.48s
  Hashrate: 407831 H/s
  Total mined: 13
==================================================

[CHAIN] 블록 추가 성공: height=86, hash=0000063fc93cc933...
[Miner] Block added and broadcasted. New height: 86

[Miner] Mining block 87...

==================================================
[Miner] *** BLOCK FOUND! ***
  Height: 87
  Hash: dd6b81e5f1d380a0714474b86a8cb5e73c6c88117c764a8f8c517fb816150000
  Nonce: 612388
  Time: 1.51s
  Hashrate: 404360 H/s
  Total mined: 14
==================================================

[CHAIN] 블록 추가 성공: height=87, hash=00001516b87f518c...
[Miner] Block added and broadcasted. New height: 87

[Miner] Mining block 88...

==================================================
[Miner] *** BLOCK FOUND! ***
  Height: 88
  Hash: 1e786feae2e6a2e8389aeebe998cc1560259879a2e3735597d3b164f3d1d0000
  Nonce: 470257
  Time: 1.22s
  Hashrate: 384503 H/s
  Total mined: 15
==================================================

[CHAIN] 블록 추가 성공: height=88, hash=00001d3d4f163b7d...
[Miner] Block added and broadcasted. New height: 88

[Miner] Mining block 89...

==================================================
[Miner] *** BLOCK FOUND! ***
  Height: 89
  Hash: fadcf67c545c84f8c242c97b7c231baca8883f233c399b549680ef11a6010000
  Nonce: 7626
  Time: 0.02s
  Hashrate: 404982 H/s
  Total mined: 16
==================================================

[CHAIN] 블록 추가 성공: height=89, hash=000001a611ef8096...
[Miner] Block added and broadcasted. New height: 89

[Miner] Mining block 90...

==================================================
[Miner] *** BLOCK FOUND! ***
  Height: 90
  Hash: ec134a1dff1e5c2737b575580d758a4f76d26473371acdb3572a49e209000000
  Nonce: 213624
  Time: 0.56s
  Hashrate: 383626 H/s
  Total mined: 17
==================================================

[CHAIN] 블록 추가 성공: height=90, hash=00000009e2492a57...
[Miner] Block added and broadcasted. New height: 90

[Miner] Mining block 91...
[SYNC] INV 수신: 블록 1개, TX 0개 from 127.0.0.1:9334
[SYNC] 블록 1개 대기열에 추가, 순차 다운로드 시작
[SYNC] GETDATA 요청: 1개 블록 (대기: 1개)
[SYNC] BLOCK 수신: hash=0000118410f05494... from 127.0.0.1:9334
[CHAIN] 블록 추가 성공: height=91, hash=0000118410f05494...
[CHAIN] 피어 블록 추가 성공: height=91
[SYNC] 동기화 완료! 현재 높이: 91

==================================================
[Miner] *** BLOCK FOUND! ***
  Height: 91
  Hash: 2afcf68034dffe6e52be030eaf772a68f5e4ef92e7c1f274f4f66ed99f0b0000
  Nonce: 405986
  Time: 1.02s
  Hashrate: 398913 H/s
  Total mined: 18
==================================================

[CHAIN] 사이드 체인에 추가: hash=00000b9fd96ef6f4...
[Miner] Block added and broadcasted. New height: 91

[Miner] Mining block 92...
[SYNC] INV 수신: 블록 1개, TX 0개 from 127.0.0.1:9334
[SYNC] 블록 1개 대기열에 추가, 순차 다운로드 시작
[SYNC] GETDATA 요청: 1개 블록 (대기: 1개)
[SYNC] BLOCK 수신: hash=0000085d8868d922... from 127.0.0.1:9334
[CHAIN] 블록 추가 성공: height=92, hash=0000085d8868d922...
[CHAIN] 피어 블록 추가 성공: height=92
[SYNC] 동기화 완료! 현재 높이: 92
[SYNC] INV 수신: 블록 1개, TX 0개 from 127.0.0.1:9334
[SYNC] 블록 1개 대기열에 추가, 순차 다운로드 시작
[SYNC] GETDATA 요청: 1개 블록 (대기: 1개)
[SYNC] BLOCK 수신: hash=000019ba2757ef2f... from 127.0.0.1:9334
[CHAIN] 블록 추가 성공: height=93, hash=000019ba2757ef2f...
[CHAIN] 피어 블록 추가 성공: height=93
[SYNC] 동기화 완료! 현재 높이: 93

[Miner] Mining block 94...

==================================================
[Miner] *** BLOCK FOUND! ***
  Height: 94
  Hash: 1dd6ca2e141c136884767c15943d1808c8bc13506e2a2140e6e20c3df50a0000
  Nonce: 45799
  Time: 0.11s
  Hashrate: 428118 H/s
  Total mined: 19
==================================================

[CHAIN] 블록 추가 성공: height=94, hash=00000af53d0ce2e6...
[Miner] Block added and broadcasted. New height: 94

[Miner] Mining block 95...
[SYNC] INV 수신: 블록 1개, TX 0개 from 127.0.0.1:9334
[SYNC] 블록 1개 대기열에 추가, 순차 다운로드 시작
[SYNC] GETDATA 요청: 1개 블록 (대기: 1개)
[SYNC] BLOCK 수신: hash=00000746dc370a7a... from 127.0.0.1:9334
[CHAIN] 블록 추가 성공: height=95, hash=00000746dc370a7a...
[CHAIN] 피어 블록 추가 성공: height=95
[SYNC] 동기화 완료! 현재 높이: 95

[Miner] Mining block 96...
[SYNC] INV 수신: 블록 1개, TX 0개 from 127.0.0.1:9334
[SYNC] 블록 1개 대기열에 추가, 순차 다운로드 시작
[SYNC] GETDATA 요청: 1개 블록 (대기: 1개)

[Status] Height: 95 | Peers: 1 | Mempool: 0 txs | Mined: 19 blocks | Hashrate: 221302 H/s
[SYNC] BLOCK 수신: hash=00000330ee3e8081... from 127.0.0.1:9334
[CHAIN] 블록 추가 성공: height=96, hash=00000330ee3e8081...
[CHAIN] 피어 블록 추가 성공: height=96
[SYNC] 동기화 완료! 현재 높이: 96
[SYNC] VERSION 전송: height=96 to 54.116.13.57:9333
[SYNC] VERSION 수신: height=96 from 54.116.13.57:9333
[SYNC] 동기화 불필요: 로컬=96, 피어=96

==================================================
[Miner] *** BLOCK FOUND! ***
  Height: 96
  Hash: a0b22fea380b04aec7726a395cdfa2b35bbd92ea5611531cd932b86dd11b0000
  Nonce: 408038
  Time: 1.00s
  Hashrate: 406559 H/s
  Total mined: 20
==================================================

[CHAIN] 사이드 체인에 추가: hash=00001bd16db832d9...
[Miner] Block added and broadcasted. New height: 96

[Miner] Mining block 97...

==================================================
[Miner] *** BLOCK FOUND! ***
  Height: 97
  Hash: efe6407eef7c1f367aac3b6927ddd029530b9a9c59ebfe78be750a575c160000
  Nonce: 548208
  Time: 1.34s
  Hashrate: 410249 H/s
  Total mined: 21
==================================================

[CHAIN] 블록 추가 성공: height=97, hash=0000165c570a75be...
[Miner] Block added and broadcasted. New height: 97

[Miner] Mining block 98...

==================================================
[Miner] *** BLOCK FOUND! ***
  Height: 98
  Hash: 259791b079658881aecd05e834ba4ca066409edced8262409661d3e5ee120000
  Nonce: 187511
  Time: 0.46s
  Hashrate: 410362 H/s
  Total mined: 22
==================================================

[CHAIN] 블록 추가 성공: height=98, hash=000012eee5d36196...
[Miner] Block added and broadcasted. New height: 98

[Miner] Mining block 99...

==================================================
[Miner] *** BLOCK FOUND! ***
  Height: 99
  Hash: a7e0f97a2f6923c47097bb6fb078f4e7bad383dc1d902caa294129ebb7040000
  Nonce: 279957
  Time: 0.70s
  Hashrate: 397253 H/s
  Total mined: 23
==================================================

[CHAIN] 블록 추가 성공: height=99, hash=000004b7eb294129...
[Miner] Block added and broadcasted. New height: 99

[Miner] Mining block 100...
[SYNC] INV 수신: 블록 1개, TX 0개 from 127.0.0.1:9334
[SYNC] 블록 1개 대기열에 추가, 순차 다운로드 시작
[SYNC] GETDATA 요청: 1개 블록 (대기: 1개)
[SYNC] BLOCK 수신: hash=0000099340964a08... from 127.0.0.1:9334
[CHAIN] 사이드 체인에 추가: hash=0000099340964a08...
[CHAIN] 피어 블록 추가 성공: height=99
[SYNC] 동기화 완료! 현재 높이: 99

[Miner] Mining block 100...
[SYNC] INV 수신: 블록 1개, TX 0개 from 127.0.0.1:9334
[SYNC] 블록 1개 대기열에 추가, 순차 다운로드 시작
[SYNC] GETDATA 요청: 1개 블록 (대기: 1개)
[SYNC] BLOCK 수신: hash=0000016b219daec3... from 127.0.0.1:9334
[CHAIN] 블록 추가 성공: height=100, hash=0000016b219daec3...
[CHAIN] 피어 블록 추가 성공: height=100
[SYNC] 동기화 완료! 현재 높이: 100

[Miner] Mining block 101...
[SYNC] INV 수신: 블록 1개, TX 0개 from 127.0.0.1:9334
[SYNC] 블록 1개 대기열에 추가, 순차 다운로드 시작
[SYNC] GETDATA 요청: 1개 블록 (대기: 1개)
[SYNC] BLOCK 수신: hash=0000005738ad9270... from 127.0.0.1:9334
[CHAIN] 블록 추가 성공: height=101, hash=0000005738ad9270...
[CHAIN] 피어 블록 추가 성공: height=101
[SYNC] 동기화 완료! 현재 높이: 101

[Miner] Mining block 102...

[Miner] Mining block 102...

[Miner] Mining block 102...
[SYNC] INV 수신: 블록 1개, TX 0개 from 127.0.0.1:9334
[SYNC] 블록 1개 대기열에 추가, 순차 다운로드 시작
[SYNC] GETDATA 요청: 1개 블록 (대기: 1개)
[SYNC] BLOCK 수신: hash=0000003d935b7970... from 127.0.0.1:9334
[CHAIN] 블록 추가 성공: height=102, hash=0000003d935b7970...
[CHAIN] 피어 블록 추가 성공: height=102
[SYNC] 동기화 완료! 현재 높이: 102
[SYNC] INV 수신: 블록 1개, TX 0개 from 127.0.0.1:9334
[SYNC] 블록 1개 대기열에 추가, 순차 다운로드 시작
[SYNC] GETDATA 요청: 1개 블록 (대기: 1개)
[SYNC] BLOCK 수신: hash=000005b34b7fdf3c... from 127.0.0.1:9334
[CHAIN] 블록 추가 성공: height=103, hash=000005b34b7fdf3c...
[CHAIN] 피어 블록 추가 성공: height=103
[SYNC] 동기화 완료! 현재 높이: 103

[Miner] Mining block 104...

==================================================
[Miner] *** BLOCK FOUND! ***
  Height: 104
  Hash: 13f4a17d757e77adfa9ac6dbf7541302856cca77690ff5d25f5161f768030000
  Nonce: 182119
  Time: 0.45s
  Hashrate: 405061 H/s
  Total mined: 24
==================================================

[CHAIN] 블록 추가 성공: height=104, hash=00000368f761515f...
[Miner] Block added and broadcasted. New height: 104

[Miner] Mining block 105...

==================================================
[Miner] *** BLOCK FOUND! ***
  Height: 105
  Hash: b06c4ab4912cf168e9094122cf816bbcffb6a916ee48f70488350f233b000000
  Nonce: 236569
  Time: 0.59s
  Hashrate: 399322 H/s
  Total mined: 25
==================================================

[CHAIN] 블록 추가 성공: height=105, hash=0000003b230f3588...
[Miner] Block added and broadcasted. New height: 105
[SYNC] INV 수신: 블록 1개, TX 0개 from 127.0.0.1:9334
[SYNC] 블록 1개 대기열에 추가, 순차 다운로드 시작
[SYNC] GETDATA 요청: 1개 블록 (대기: 1개)
[SYNC] BLOCK 수신: hash=000004e17c05198f... from 127.0.0.1:9334
[CHAIN] 사이드 체인에 추가: hash=000004e17c05198f...
[CHAIN] 피어 블록 추가 성공: height=105
[SYNC] 동기화 완료! 현재 높이: 105

[Miner] Mining block 106...

==================================================
[Miner] *** BLOCK FOUND! ***
  Height: 106
  Hash: 2f4c247e53802c75fee75f02356568bb1c9579bb7532981d5b88d4cbfd040000
  Nonce: 43282
  Time: 0.11s
  Hashrate: 409370 H/s
  Total mined: 26
==================================================

[CHAIN] 블록 추가 성공: height=106, hash=000004fdcbd4885b...
[Miner] Block added and broadcasted. New height: 106

[Miner] Mining block 107...

[Miner] Mining block 107...

==================================================
[Miner] *** BLOCK FOUND! ***
  Height: 107
  Hash: ca1281ce2a947351cfcefc29e857a9d1a18fbc1d3bcb56e023cfd94233060000
  Nonce: 41809
  Time: 0.10s
  Hashrate: 410750 H/s
  Total mined: 27
==================================================

[CHAIN] 블록 추가 성공: height=107, hash=0000063342d9cf23...
[Miner] Block added and broadcasted. New height: 107

[Miner] Mining block 108...

[Miner] Mining block 108...
[SYNC] INV 수신: 블록 1개, TX 0개 from 127.0.0.1:9334
[SYNC] 블록 1개 대기열에 추가, 순차 다운로드 시작
[SYNC] GETDATA 요청: 1개 블록 (대기: 1개)
[SYNC] BLOCK 수신: hash=00000273c98e7f94... from 127.0.0.1:9334
[CHAIN] 블록 추가 성공: height=108, hash=00000273c98e7f94...
[CHAIN] 피어 블록 추가 성공: height=108
[SYNC] 동기화 완료! 현재 높이: 108

==================================================
[Miner] *** BLOCK FOUND! ***
  Height: 108
  Hash: 92e1037ef4c53954d1a8fbd72ab31f330c13f97d823bb5c326eb70585c030000
  Nonce: 730501
  Time: 1.77s
  Hashrate: 413584 H/s
  Total mined: 28
==================================================

[CHAIN] 사이드 체인에 추가: hash=0000035c5870eb26...
[Miner] Block added and broadcasted. New height: 108

[Miner] Mining block 109...
[SYNC] INV 수신: 블록 1개, TX 0개 from 127.0.0.1:9334
[SYNC] 블록 1개 대기열에 추가, 순차 다운로드 시작
[SYNC] GETDATA 요청: 1개 블록 (대기: 1개)
[SYNC] BLOCK 수신: hash=00000437d8a6bb1e... from 127.0.0.1:9334
[CHAIN] 블록 추가 성공: height=109, hash=00000437d8a6bb1e...
[CHAIN] 피어 블록 추가 성공: height=109
[SYNC] 동기화 완료! 현재 높이: 109

==================================================
[Miner] *** BLOCK FOUND! ***
  Height: 109
  Hash: 65f4b75024fd89824b82b9abbebf90333c19584b90319691f810529703010000
  Nonce: 574130
  Time: 1.42s
  Hashrate: 403015 H/s
  Total mined: 29
==================================================

[CHAIN] 사이드 체인에 추가: hash=00000103975210f8...
[Miner] Block added and broadcasted. New height: 109

[Miner] Mining block 110...

==================================================
[Miner] *** BLOCK FOUND! ***
  Height: 110
  Hash: e432506c44dc91489cd69951489828fbb6984601b4ee0d9d2caf7f728b050000
  Nonce: 323768
  Time: 0.80s
  Hashrate: 402559 H/s
  Total mined: 30
==================================================

[CHAIN] 블록 추가 성공: height=110, hash=0000058b727faf2c...
[Miner] Block added and broadcasted. New height: 110

[Miner] Mining block 111...

[Status] Height: 110 | Peers: 2 | Mempool: 0 txs | Mined: 30 blocks | Hashrate: 283630 H/s

[Miner] Mining block 111...

[Miner] Mining block 111...

[Miner] Mining block 111...

[Miner] Mining block 111...
[SYNC] INV 수신: 블록 1개, TX 0개 from 127.0.0.1:9334
[SYNC] 블록 1개 대기열에 추가, 순차 다운로드 시작
[SYNC] GETDATA 요청: 1개 블록 (대기: 1개)
[SYNC] BLOCK 수신: hash=000007a1e57f7428... from 127.0.0.1:9334
[CHAIN] 블록 추가 성공: height=111, hash=000007a1e57f7428...
[CHAIN] 피어 블록 추가 성공: height=111
[SYNC] 동기화 완료! 현재 높이: 111

==================================================
[Miner] *** BLOCK FOUND! ***
  Height: 111
  Hash: 1198c4837d2e328d927d0b070b632142145ff4d2b5fcbf9ce2c5573027000000
  Nonce: 455890
  Time: 1.13s
  Hashrate: 402856 H/s
  Total mined: 31
==================================================

[CHAIN] 사이드 체인에 추가: hash=000000273057c5e2...
[Miner] Block added and broadcasted. New height: 111

[Miner] Mining block 112...

[Miner] Mining block 112...

==================================================
[Miner] *** BLOCK FOUND! ***
  Height: 112
  Hash: 3c961fe14aa07ddd9736eb1643bf66445b51a4dc74af1364b3bdb4aa44040000
  Nonce: 563488
  Time: 1.35s
  Hashrate: 416983 H/s
  Total mined: 32
==================================================

[CHAIN] 블록 추가 성공: height=112, hash=00000444aab4bdb3...
[Miner] Block added and broadcasted. New height: 112

[Miner] Mining block 113...

[Miner] Mining block 113...

==================================================
[Miner] *** BLOCK FOUND! ***
  Height: 113
  Hash: 5e5259440d99973b91c368a7b2d435c15a0f679f9851784944f8666545020000
  Nonce: 852542
  Time: 2.09s
  Hashrate: 408133 H/s
  Total mined: 33
==================================================

[CHAIN] 블록 추가 성공: height=113, hash=000002456566f844...
[Miner] Block added and broadcasted. New height: 113

[Miner] Mining block 114...
[SYNC] INV 수신: 블록 1개, TX 0개 from 127.0.0.1:9334
[SYNC] 블록 1개 대기열에 추가, 순차 다운로드 시작
[SYNC] GETDATA 요청: 1개 블록 (대기: 1개)
[SYNC] BLOCK 수신: hash=00000067a937f49d... from 127.0.0.1:9334
[CHAIN] 블록 추가 성공: height=114, hash=00000067a937f49d...
[CHAIN] 피어 블록 추가 성공: height=114
[SYNC] 동기화 완료! 현재 높이: 114

[Miner] Mining block 115...

[Miner] Mining block 115...

[Miner] Mining block 115...
[SYNC] INV 수신: 블록 1개, TX 0개 from 127.0.0.1:9334
[SYNC] 블록 1개 대기열에 추가, 순차 다운로드 시작
[SYNC] GETDATA 요청: 1개 블록 (대기: 1개)
[SYNC] BLOCK 수신: hash=0000031347817992... from 127.0.0.1:9334
[CHAIN] 블록 추가 성공: height=115, hash=0000031347817992...
[CHAIN] 피어 블록 추가 성공: height=115
[SYNC] 동기화 완료! 현재 높이: 115

[Miner] Mining block 116...

==================================================
[Miner] *** BLOCK FOUND! ***
  Height: 116
  Hash: ec6f5297f07753da36c756e6aac58af6ea748e9bd0df3df9d6522fd507070000
  Nonce: 183355
  Time: 0.44s
  Hashrate: 418913 H/s
  Total mined: 34
==================================================

[CHAIN] 블록 추가 성공: height=116, hash=00000707d52f52d6...
[Miner] Block added and broadcasted. New height: 116

[Miner] Mining block 117...

[Status] Height: 116 | Peers: 2 | Mempool: 0 txs | Mined: 34 blocks | Hashrate: 316176 H/s

[Miner] Mining block 117...
[SYNC] INV 수신: 블록 1개, TX 0개 from 127.0.0.1:9334
[SYNC] 블록 1개 대기열에 추가, 순차 다운로드 시작
[SYNC] GETDATA 요청: 1개 블록 (대기: 1개)
[SYNC] BLOCK 수신: hash=00000344c6fbec6a... from 127.0.0.1:9334
[CHAIN] 블록 추가 성공: height=117, hash=00000344c6fbec6a...
[CHAIN] 피어 블록 추가 성공: height=117
[SYNC] 동기화 완료! 현재 높이: 117
[SYNC] INV 수신: 블록 1개, TX 0개 from 127.0.0.1:9334
[SYNC] 블록 1개 대기열에 추가, 순차 다운로드 시작
[SYNC] GETDATA 요청: 1개 블록 (대기: 1개)
[SYNC] BLOCK 수신: hash=00000430b14dba71... from 127.0.0.1:9334
[CHAIN] 블록 추가 성공: height=118, hash=00000430b14dba71...
[CHAIN] 피어 블록 추가 성공: height=118
[SYNC] 동기화 완료! 현재 높이: 118

[Miner] Mining block 119...

[Miner] Mining block 119...

==================================================
[Miner] *** BLOCK FOUND! ***
  Height: 119
  Hash: 5204a2bd05e428a3e96e501788cdcd57e15bf3b148506f3bc5ae17707e070000
  Nonce: 902423
  Time: 2.31s
  Hashrate: 391108 H/s
  Total mined: 35
==================================================

[CHAIN] 블록 추가 성공: height=119, hash=0000077e7017aec5...
[Miner] Block added and broadcasted. New height: 119

[Miner] Mining block 120...
[SYNC] INV 수신: 블록 1개, TX 0개 from 127.0.0.1:9334
[SYNC] 블록 1개 대기열에 추가, 순차 다운로드 시작
[SYNC] GETDATA 요청: 1개 블록 (대기: 1개)
[SYNC] BLOCK 수신: hash=000006a503bb7128... from 127.0.0.1:9334
[CHAIN] 사이드 체인에 추가: hash=000006a503bb7128...
[CHAIN] 피어 블록 추가 성공: height=119
[SYNC] 동기화 완료! 현재 높이: 119

==================================================
[Miner] *** BLOCK FOUND! ***
  Height: 120
  Hash: 45f88a52ae31c3584f575e25a80e62c13d63f8bb2e6a3c054319ab4c42040000
  Nonce: 542503
  Time: 1.37s
  Hashrate: 394949 H/s
  Total mined: 36
==================================================

[CHAIN] 블록 추가 성공: height=120, hash=000004424cab1943...
[Miner] Block added and broadcasted. New height: 120

[Miner] Mining block 121...

==================================================
[Miner] *** BLOCK FOUND! ***
  Height: 121
  Hash: e4ad55631c75514715e7969409918f26847445ce60acc36c7e3e2d231f070000
  Nonce: 132466
  Time: 0.32s
  Hashrate: 410980 H/s
  Total mined: 37
==================================================

[CHAIN] 블록 추가 성공: height=121, hash=0000071f232d3e7e...
[Miner] Block added and broadcasted. New height: 121

[Miner] Mining block 122...
[SYNC] INV 수신: 블록 1개, TX 0개 from 127.0.0.1:9334
[SYNC] 블록 1개 대기열에 추가, 순차 다운로드 시작
[SYNC] GETDATA 요청: 1개 블록 (대기: 1개)
[SYNC] BLOCK 수신: hash=0000022717552d1b... from 127.0.0.1:9334
[CHAIN] 사이드 체인에 추가: hash=0000022717552d1b...
[CHAIN] 피어 블록 추가 성공: height=121
[SYNC] 동기화 완료! 현재 높이: 121
[SYNC] INV 수신: 블록 1개, TX 0개 from 127.0.0.1:9334
[SYNC] 블록 1개 대기열에 추가, 순차 다운로드 시작
[SYNC] GETDATA 요청: 1개 블록 (대기: 1개)
[SYNC] BLOCK 수신: hash=0000015ba64fedcc... from 127.0.0.1:9334
[CHAIN] 블록 추가 성공: height=122, hash=0000015ba64fedcc...
[CHAIN] 피어 블록 추가 성공: height=122
[SYNC] 동기화 완료! 현재 높이: 122

[Miner] Mining block 123...
[SYNC] INV 수신: 블록 1개, TX 0개 from 127.0.0.1:9334
[SYNC] 블록 1개 대기열에 추가, 순차 다운로드 시작
[SYNC] GETDATA 요청: 1개 블록 (대기: 1개)
[SYNC] BLOCK 수신: hash=0000063a0d08ad11... from 127.0.0.1:9334
[CHAIN] 블록 추가 성공: height=123, hash=0000063a0d08ad11...
[CHAIN] 피어 블록 추가 성공: height=123
[SYNC] 동기화 완료! 현재 높이: 123
[SYNC] INV 수신: 블록 1개, TX 0개 from 127.0.0.1:9334
[SYNC] 블록 1개 대기열에 추가, 순차 다운로드 시작
[SYNC] GETDATA 요청: 1개 블록 (대기: 1개)
[SYNC] BLOCK 수신: hash=00000449a83d0069... from 127.0.0.1:9334
[CHAIN] 블록 추가 성공: height=124, hash=00000449a83d0069...
[CHAIN] 피어 블록 추가 성공: height=124
[SYNC] 동기화 완료! 현재 높이: 124

[Miner] Mining block 125...

[Miner] Mining block 125...

[Miner] Mining block 125...

[Miner] Mining block 125...
[SYNC] INV 수신: 블록 1개, TX 0개 from 127.0.0.1:9334
[SYNC] 블록 1개 대기열에 추가, 순차 다운로드 시작
[SYNC] GETDATA 요청: 1개 블록 (대기: 1개)
[SYNC] BLOCK 수신: hash=000003c0016d8a3c... from 127.0.0.1:9334
[CHAIN] 블록 추가 성공: height=125, hash=000003c0016d8a3c...
[CHAIN] 피어 블록 추가 성공: height=125
[SYNC] 동기화 완료! 현재 높이: 125

[Miner] Mining block 126...

[Miner] Mining block 126...

[Status] Height: 125 | Peers: 2 | Mempool: 0 txs | Mined: 37 blocks | Hashrate: 331114 H/s

[Miner] Mining block 126...

==================================================
[Miner] *** BLOCK FOUND! ***
  Height: 126
  Hash: 0b9b49d66c86b17d219fe0aa6aff5d545ec4c6b3fccab991843b1579a2040000
  Nonce: 491438
  Time: 1.21s
  Hashrate: 406786 H/s
  Total mined: 38
==================================================

[CHAIN] 블록 추가 성공: height=126, hash=000004a279153b84...
[Miner] Block added and broadcasted. New height: 126

[Miner] Mining block 127...

==================================================
[Miner] *** BLOCK FOUND! ***
  Height: 127
  Hash: c56d3527ea683a66fd266f01e9a8ccc9bf864b464e1a7b78f925fc3836000000
  Nonce: 983512
  Time: 2.39s
  Hashrate: 410685 H/s
  Total mined: 39
==================================================

[CHAIN] 블록 추가 성공: height=127, hash=0000003638fc25f9...
[Miner] Block added and broadcasted. New height: 127

[Miner] Mining block 128...
[SYNC] INV 수신: 블록 1개, TX 0개 from 127.0.0.1:9334
[SYNC] 블록 1개 대기열에 추가, 순차 다운로드 시작
[SYNC] GETDATA 요청: 1개 블록 (대기: 1개)
[SYNC] BLOCK 수신: hash=0000053e4efb7b28... from 127.0.0.1:9334
[CHAIN] 사이드 체인에 추가: hash=0000053e4efb7b28...
[CHAIN] 피어 블록 추가 성공: height=127
[SYNC] 동기화 완료! 현재 높이: 127

==================================================
[Miner] *** BLOCK FOUND! ***
  Height: 128
  Hash: 348b0cde94d2afcd32a9415711e19903191a521e19e74d5b47668a19a2070000
  Nonce: 467462
  Time: 1.13s
  Hashrate: 414053 H/s
  Total mined: 40
==================================================

[CHAIN] 블록 추가 성공: height=128, hash=000007a2198a6647...
[Miner] Block added and broadcasted. New height: 128

[Miner] Mining block 129...
[SYNC] INV 수신: 블록 1개, TX 0개 from 127.0.0.1:9334
[SYNC] 블록 1개 대기열에 추가, 순차 다운로드 시작
[SYNC] GETDATA 요청: 1개 블록 (대기: 1개)
[SYNC] BLOCK 수신: hash=0000002a9d3f0498... from 127.0.0.1:9334
[CHAIN] 블록 추가 성공: height=129, hash=0000002a9d3f0498...
[CHAIN] 피어 블록 추가 성공: height=129
[SYNC] 동기화 완료! 현재 높이: 129

[Miner] Mining block 130...

[Miner] Mining block 130...

[Miner] Mining block 130...

[Miner] Mining block 130...

[Miner] Mining block 130...

[Miner] Mining block 130...

==================================================
[Miner] *** BLOCK FOUND! ***
  Height: 130
  Hash: 98dc046ede222264adf0536ebcd2460d2d3e7f3591da20d131ab8de865010000
  Nonce: 988860
  Time: 2.38s
  Hashrate: 414973 H/s
  Total mined: 41
==================================================

[CHAIN] 블록 추가 성공: height=130, hash=00000165e88dab31...
[Miner] Block added and broadcasted. New height: 130

[Miner] Mining block 131...
[SYNC] INV 수신: 블록 1개, TX 0개 from 127.0.0.1:9334
[SYNC] 블록 1개 대기열에 추가, 순차 다운로드 시작
[SYNC] GETDATA 요청: 1개 블록 (대기: 1개)
[SYNC] BLOCK 수신: hash=000003b95090d6e0... from 127.0.0.1:9334
[CHAIN] 블록 추가 성공: height=131, hash=000003b95090d6e0...
[CHAIN] 피어 블록 추가 성공: height=131
[SYNC] 동기화 완료! 현재 높이: 131

[Miner] Mining block 132...

==================================================
[Miner] *** BLOCK FOUND! ***
  Height: 132
  Hash: 6aa036e501dd57c058ca9336a1f54d4f19c952bbcde3bd5c6ff13a2af5010000
  Nonce: 90374
  Time: 0.22s
  Hashrate: 408493 H/s
  Total mined: 42
==================================================

[CHAIN] 블록 추가 성공: height=132, hash=000001f52a3af16f...
[Miner] Block added and broadcasted. New height: 132

[Miner] Mining block 133...

==================================================
[Miner] *** BLOCK FOUND! ***
  Height: 133
  Hash: 86e645c63d87740c9f105177a3b54b1f988a211cf1df80b2ef5c22b4d5020000
  Nonce: 236879
  Time: 0.58s
  Hashrate: 407384 H/s
  Total mined: 43
==================================================

[CHAIN] 블록 추가 성공: height=133, hash=000002d5b4225cef...
[Miner] Block added and broadcasted. New height: 133

[Miner] Mining block 134...
[SYNC] INV 수신: 블록 1개, TX 0개 from 127.0.0.1:9334
[SYNC] 블록 1개 대기열에 추가, 순차 다운로드 시작
[SYNC] GETDATA 요청: 1개 블록 (대기: 1개)
[SYNC] BLOCK 수신: hash=0000077b512a34cb... from 127.0.0.1:9334
[CHAIN] 사이드 체인에 추가: hash=0000077b512a34cb...
[CHAIN] 피어 블록 추가 성공: height=133
[SYNC] 동기화 완료! 현재 높이: 133
[SYNC] INV 수신: 블록 1개, TX 0개 from 127.0.0.1:9334
[SYNC] 블록 1개 대기열에 추가, 순차 다운로드 시작
[SYNC] GETDATA 요청: 1개 블록 (대기: 1개)
[SYNC] BLOCK 수신: hash=0000034968023eeb... from 127.0.0.1:9334
[CHAIN] 블록 추가 성공: height=134, hash=0000034968023eeb...
[CHAIN] 피어 블록 추가 성공: height=134
[SYNC] 동기화 완료! 현재 높이: 134

[Miner] Mining block 135...

[Status] Height: 134 | Peers: 2 | Mempool: 0 txs | Mined: 43 blocks | Hashrate: 344856 H/s
[SYNC] INV 수신: 블록 1개, TX 0개 from 127.0.0.1:9334
[SYNC] 블록 1개 대기열에 추가, 순차 다운로드 시작
[SYNC] GETDATA 요청: 1개 블록 (대기: 1개)
[SYNC] BLOCK 수신: hash=0000068d63165554... from 127.0.0.1:9334
[CHAIN] 블록 추가 성공: height=135, hash=0000068d63165554...
[CHAIN] 피어 블록 추가 성공: height=135
[SYNC] 동기화 완료! 현재 높이: 135

[Miner] Mining block 136...
[SYNC] INV 수신: 블록 1개, TX 0개 from 127.0.0.1:9334
[SYNC] 블록 1개 대기열에 추가, 순차 다운로드 시작
[SYNC] GETDATA 요청: 1개 블록 (대기: 1개)
[SYNC] BLOCK 수신: hash=0000041a9fcdd9dc... from 127.0.0.1:9334
[CHAIN] 블록 추가 성공: height=136, hash=0000041a9fcdd9dc...
[CHAIN] 피어 블록 추가 성공: height=136
[SYNC] 동기화 완료! 현재 높이: 136
[SYNC] INV 수신: 블록 1개, TX 0개 from 127.0.0.1:9334
[SYNC] 블록 1개 대기열에 추가, 순차 다운로드 시작
[SYNC] GETDATA 요청: 1개 블록 (대기: 1개)
[SYNC] BLOCK 수신: hash=0000078120b2615f... from 127.0.0.1:9334
[CHAIN] 블록 추가 성공: height=137, hash=0000078120b2615f...
[CHAIN] 피어 블록 추가 성공: height=137
[SYNC] 동기화 완료! 현재 높이: 137

[Miner] Mining block 138...
[SYNC] INV 수신: 블록 1개, TX 0개 from 127.0.0.1:9334
[SYNC] 블록 1개 대기열에 추가, 순차 다운로드 시작
[SYNC] GETDATA 요청: 1개 블록 (대기: 1개)
[SYNC] BLOCK 수신: hash=000003adf6051b73... from 127.0.0.1:9334
[CHAIN] 블록 추가 성공: height=138, hash=000003adf6051b73...
[CHAIN] 피어 블록 추가 성공: height=138
[SYNC] 동기화 완료! 현재 높이: 138

[Miner] Mining block 139...
[SYNC] INV 수신: 블록 1개, TX 0개 from 127.0.0.1:9334
[SYNC] 블록 1개 대기열에 추가, 순차 다운로드 시작
[SYNC] GETDATA 요청: 1개 블록 (대기: 1개)
[SYNC] BLOCK 수신: hash=000006cbb04d17f9... from 127.0.0.1:9334
[CHAIN] 블록 추가 성공: height=139, hash=000006cbb04d17f9...
[CHAIN] 피어 블록 추가 성공: height=139
[SYNC] 동기화 완료! 현재 높이: 139

[Miner] Mining block 140...

[Miner] Mining block 140...
[SYNC] INV 수신: 블록 1개, TX 0개 from 127.0.0.1:9334
[SYNC] 블록 1개 대기열에 추가, 순차 다운로드 시작
[SYNC] GETDATA 요청: 1개 블록 (대기: 1개)
[SYNC] BLOCK 수신: hash=0000000813e55ff8... from 127.0.0.1:9334
[CHAIN] 블록 추가 성공: height=140, hash=0000000813e55ff8...
[CHAIN] 피어 블록 추가 성공: height=140
[SYNC] 동기화 완료! 현재 높이: 140

[Miner] Mining block 141...
[SYNC] INV 수신: 블록 1개, TX 0개 from 127.0.0.1:9334
[SYNC] 블록 1개 대기열에 추가, 순차 다운로드 시작
[SYNC] GETDATA 요청: 1개 블록 (대기: 1개)
[SYNC] BLOCK 수신: hash=0000038e12487d0f... from 127.0.0.1:9334
[CHAIN] 블록 추가 성공: height=141, hash=0000038e12487d0f...
[CHAIN] 피어 블록 추가 성공: height=141
[SYNC] 동기화 완료! 현재 높이: 141

[Miner] Mining block 142...

==================================================
[Miner] *** BLOCK FOUND! ***
  Height: 142
  Hash: 28b74854062fe18ad6b8b06f6320eed365f7d592c50d854cdeea269eee020000
  Nonce: 397283
  Time: 0.95s
  Hashrate: 416832 H/s
  Total mined: 44
==================================================

[CHAIN] 블록 추가 성공: height=142, hash=000002ee9e26eade...
[Miner] Block added and broadcasted. New height: 142

[Miner] Mining block 143...

==================================================
[Miner] *** BLOCK FOUND! ***
  Height: 143
  Hash: 388bb6ec099e68070b9490e9bcb6f961452edc8dbe70f495f34ae620c9070000
  Nonce: 267892
  Time: 0.65s
  Hashrate: 412774 H/s
  Total mined: 45
==================================================

[CHAIN] 블록 추가 성공: height=143, hash=000007c920e64af3...
[Miner] Block added and broadcasted. New height: 143

[Miner] Mining block 144...

==================================================
[Miner] *** BLOCK FOUND! ***
  Height: 144
  Hash: 2448bf9cbc5bdfc296daf24793ff8e51f2758bae285222ef87133c3ff0050000
  Nonce: 16976
  Time: 0.04s
  Hashrate: 425000 H/s
  Total mined: 46
==================================================

[CHAIN] 블록 추가 성공: height=144, hash=000005f03f3c1387...
[Miner] Block added and broadcasted. New height: 144

[Miner] Mining block 145...

[Miner] Mining block 145...
[SYNC] INV 수신: 블록 1개, TX 0개 from 127.0.0.1:9334
[SYNC] 블록 1개 대기열에 추가, 순차 다운로드 시작
[SYNC] GETDATA 요청: 1개 블록 (대기: 1개)
[SYNC] BLOCK 수신: hash=0000078926c1ca8a... from 127.0.0.1:9334
[CHAIN] 블록 추가 성공: height=145, hash=0000078926c1ca8a...
[CHAIN] 피어 블록 추가 성공: height=145
[SYNC] 동기화 완료! 현재 높이: 145
[SYNC] INV 수신: 블록 1개, TX 0개 from 127.0.0.1:9334
[SYNC] 블록 1개 대기열에 추가, 순차 다운로드 시작
[SYNC] GETDATA 요청: 1개 블록 (대기: 1개)
[SYNC] BLOCK 수신: hash=0000074948b38717... from 127.0.0.1:9334
[CHAIN] 블록 추가 성공: height=146, hash=0000074948b38717...
[CHAIN] 피어 블록 추가 성공: height=146
[SYNC] 동기화 완료! 현재 높이: 146

[Miner] Mining block 147...
[SYNC] INV 수신: 블록 1개, TX 0개 from 127.0.0.1:9334
[SYNC] 블록 1개 대기열에 추가, 순차 다운로드 시작
[SYNC] GETDATA 요청: 1개 블록 (대기: 1개)
[SYNC] BLOCK 수신: hash=0000013e8c0dfb40... from 127.0.0.1:9334
[CHAIN] 블록 추가 성공: height=147, hash=0000013e8c0dfb40...
[CHAIN] 피어 블록 추가 성공: height=147
[SYNC] 동기화 완료! 현재 높이: 147

[Miner] Mining block 148...

==================================================
[Miner] *** BLOCK FOUND! ***
  Height: 148
  Hash: eb2a6a015935fec2a937f414d064687f06627d1470a5597424f8b14cf4020000
  Nonce: 84854
  Time: 0.21s
  Hashrate: 403467 H/s
  Total mined: 47
==================================================

[CHAIN] 블록 추가 성공: height=148, hash=000002f44cb1f824...
[Miner] Block added and broadcasted. New height: 148

[Miner] Mining block 149...

==================================================
[Miner] *** BLOCK FOUND! ***
  Height: 149
  Hash: 528b17af27bd1ffea40ce2d4cf99a3df703b7784f880968797a68cf663040000
  Nonce: 644927
  Time: 1.57s
  Hashrate: 409664 H/s
  Total mined: 48
==================================================

[CHAIN] 블록 추가 성공: height=149, hash=00000463f68ca697...
[Miner] Block added and broadcasted. New height: 149

[Miner] Mining block 150...
[SYNC] INV 수신: 블록 1개, TX 0개 from 127.0.0.1:9334
[SYNC] 블록 1개 대기열에 추가, 순차 다운로드 시작
[SYNC] GETDATA 요청: 1개 블록 (대기: 1개)
[SYNC] BLOCK 수신: hash=000007959b208934... from 127.0.0.1:9334
[CHAIN] 사이드 체인에 추가: hash=000007959b208934...
[CHAIN] 피어 블록 추가 성공: height=149
[SYNC] 동기화 완료! 현재 높이: 149

[Status] Height: 149 | Peers: 2 | Mempool: 0 txs | Mined: 48 blocks | Hashrate: 350207 H/s

[Miner] Mining block 150...

[Miner] Mining block 150...

==================================================
[Miner] *** BLOCK FOUND! ***
  Height: 150
  Hash: 7b2625cca8c27f4b2edc869616461bb42f87e2e8ef42182616700a6c7c010000
  Nonce: 363828
  Time: 0.86s
  Hashrate: 422622 H/s
  Total mined: 49
==================================================

[CHAIN] 블록 추가 성공: height=150, hash=0000017c6c0a7016...
[Miner] Block added and broadcasted. New height: 150

[Miner] Mining block 151...