<frozen runpy>:128: RuntimeWarning: 'jackpotchain.cli.main' found in sys.modules after import of package 'jackpotchain.cli', but prior to execution of 'jackpotchain.cli.main'; this may result in unpredictable behaviour
NAT 포트 매핑 실패 - 아웃바운드 전용 모드로 동작
Starting JackpotChain node on port 9334...
Data directory: ./data
[Chain] Loading 151 blocks from storage...
[Chain] Loaded 151 blocks. Height: 150
[NAT] 포트 매핑 실패 - 아웃바운드 전용 모드
Node running. RPC at http://127.0.0.1:9335
Press Ctrl+C to stop
Mining enabled. Reward address: X4Eq8y3Xn6esGzU2yvYAcTthQwhb8dFiCy

[Miner] Mining block 151...
[SYNC] VERSION 전송: height=150 to 54.116.13.57:9333
[SYNC] VERSION 수신: height=150 from 54.116.13.57:9333
[SYNC] 동기화 불필요: 로컬=150, 피어=150

[Miner] Mining block 151...

[Miner] Mining block 151...

[Miner] Mining block 151...

[Miner] Mining block 151...

[Miner] Mining block 151...

==================================================
[Miner] *** BLOCK FOUND! ***
  Height: 151
  Hash: 121712deddd87f8f9a94c1e9a0e891ea6383ce535c1d4357cdee0d0188000000
  Nonce: 228917
  Time: 0.52s
  Hashrate: 439092 H/s
  Total mined: 1
==================================================

[CHAIN] 블록 추가 성공: height=151, hash=00000088010deecd...
[Miner] Block added and broadcasted. New height: 151

[Miner] Mining block 152...

[Miner] Mining block 152...

[Miner] Mining block 152...

[Miner] Mining block 152...

[Miner] Mining block 152...

[Miner] Mining block 152...

[Status] Height: 151 | Peers: 1 | Mempool: 0 txs | Mined: 1 blocks | Hashrate: 209715 H/s

[Miner] Mining block 152...

==================================================
[Miner] *** BLOCK FOUND! ***
  Height: 152
  Hash: 546873cf9557c8a690cffaa0d550d09f44c68419065fab7d2c3361c0b2010000
  Nonce: 114379
  Time: 0.26s
  Hashrate: 444743 H/s
  Total mined: 2
==================================================

[CHAIN] 블록 추가 성공: height=152, hash=000001b2c061332c...
[Miner] Block added and broadcasted. New height: 152

[Miner] Mining block 153...

[Miner] Mining block 153...

[Miner] Mining block 153...

[Miner] Mining block 153...

[Miner] Mining block 153...

[Miner] Mining block 153...

==================================================
[Miner] *** BLOCK FOUND! ***
  Height: 153
  Hash: b55c46e3a4fc3ab81cc28931e29f0ee10d00637017e8ee87f7afec95c4000000
  Nonce: 442751
  Time: 0.98s
  Hashrate: 451149 H/s
  Total mined: 3
==================================================

[CHAIN] 블록 추가 성공: height=153, hash=000000c495ecaff7...
[Miner] Block added and broadcasted. New height: 153

[Miner] Mining block 154...

[Miner] Mining block 154...

[Miner] Mining block 154...

[Miner] Mining block 154...

[Miner] Mining block 154...

[Miner] Mining block 154...

[Miner] Mining block 154...

[Status] Height: 153 | Peers: 1 | Mempool: 0 txs | Mined: 3 blocks | Hashrate: 289111 H/s

[Miner] Mining block 154...

[Miner] Mining block 154...

[Miner] Mining block 154...

[Miner] Mining block 154...

[Miner] Mining block 154...

[Miner] Mining block 154...

[Miner] Mining block 154...

[Miner] Mining block 154...

==================================================
[Miner] *** BLOCK FOUND! ***
  Height: 154
  Hash: 549995a6ad85e63cf8ecd9f6d945ede153f4acc53388ccbd2170141c32010000
  Nonce: 633823
  Time: 1.41s
  Hashrate: 447961 H/s
  Total mined: 4
==================================================

[CHAIN] 블록 추가 성공: height=154, hash=000001321c147021...
[Miner] Block added and broadcasted. New height: 154

[Miner] Mining block 155...

==================================================
[Miner] *** BLOCK FOUND! ***
  Height: 155
  Hash: 4b266f7e3a0be715c3057f951528164ea612ee978dc924a673550af96e000000
  Nonce: 259464
  Time: 0.63s
  Hashrate: 412008 H/s
  Total mined: 5
==================================================

[CHAIN] 블록 추가 성공: height=155, hash=0000006ef90a5573...
[Miner] Block added and broadcasted. New height: 155

[Miner] Mining block 156...

==================================================
[Miner] *** BLOCK FOUND! ***
  Height: 156
  Hash: c557e8cc52df184169862a2bcdcab1b6c8d967f8f4bc707fb3692f2d9c010000
  Nonce: 27174
  Time: 0.06s
  Hashrate: 420778 H/s
  Total mined: 6
==================================================

[CHAIN] 블록 추가 성공: height=156, hash=0000019c2d2f69b3...
[Miner] Block added and broadcasted. New height: 156

[Miner] Mining block 157...

[Miner] Mining block 157...

==================================================
[Miner] *** BLOCK FOUND! ***
  Height: 157
  Hash: 0c0b4ee74180e4ea042da4197c6179f6880e59733f4e895e0dcabb1392010000
  Nonce: 384475
  Time: 0.89s
  Hashrate: 433147 H/s
  Total mined: 7
==================================================

[CHAIN] 블록 추가 성공: height=157, hash=0000019213bbca0d...
[Miner] Block added and broadcasted. New height: 157

[Miner] Mining block 158...

==================================================
[Miner] *** BLOCK FOUND! ***
  Height: 158
  Hash: 416d193f93d4c2f3883c199e6ce2c3f93c350ddc44eb64a5ed7861342b000000
  Nonce: 804752
  Time: 1.89s
  Hashrate: 425013 H/s
  Total mined: 8
==================================================

[CHAIN] 블록 추가 성공: height=158, hash=0000002b346178ed...
[Miner] Block added and broadcasted. New height: 158

[Miner] Mining block 159...

==================================================
[Miner] *** BLOCK FOUND! ***
  Height: 159
  Hash: 2e75706480ef514ed65f3dab9ee4f79632a8918d9d8038968f4643aaf0000000
  Nonce: 987602
  Time: 2.26s
  Hashrate: 436299 H/s
  Total mined: 9
==================================================

[CHAIN] 블록 추가 성공: height=159, hash=000000f0aa43468f...
[Miner] Block added and broadcasted. New height: 159

[Miner] Mining block 160...

==================================================
[Miner] *** BLOCK FOUND! ***
  Height: 160
  Hash: 42c24e66956211fc54813e1e92962aa6e92b305295ac9c6c08117db0b3000000
  Nonce: 679450
  Time: 1.55s
  Hashrate: 438412 H/s
  Total mined: 10
==================================================

[CHAIN] 블록 추가 성공: height=160, hash=000000b3b07d1108...
[Miner] Block added and broadcasted. New height: 160

[Miner] Mining block 161...

[Miner] Mining block 161...

[Status] Height: 160 | Peers: 1 | Mempool: 0 txs | Mined: 10 blocks | Hashrate: 335961 H/s

[Miner] Mining block 161...

[Miner] Mining block 161...

[Miner] Mining block 161...

[Miner] Mining block 161...

==================================================
[Miner] *** BLOCK FOUND! ***
  Height: 161
  Hash: ae90a79d71f00e54926288799d6c2b21232a149d23dc55f59edcfff77e010000
  Nonce: 973741
  Time: 2.20s
  Hashrate: 441693 H/s
  Total mined: 11
==================================================

[CHAIN] 블록 추가 성공: height=161, hash=0000017ef7ffdc9e...
[Miner] Block added and broadcasted. New height: 161

[Miner] Mining block 162...

==================================================
[Miner] *** BLOCK FOUND! ***
  Height: 162
  Hash: 503b7cbf9fdd94d127709915d7fcdb62c292de6187eb43b79dcdd6b0d9000000
  Nonce: 922216
  Time: 2.10s
  Hashrate: 440028 H/s
  Total mined: 12
==================================================

[CHAIN] 블록 추가 성공: height=162, hash=000000d9b0d6cd9d...
[Miner] Block added and broadcasted. New height: 162

[Miner] Mining block 163...

[Miner] Mining block 163...

[Miner] Mining block 163...

==================================================
[Miner] *** BLOCK FOUND! ***
  Height: 163
  Hash: 0d9df24cf1931300e8f1616379b1742ae35fa24e30dd54e6351eb70bf6000000
  Nonce: 599417
  Time: 1.35s
  Hashrate: 445324 H/s
  Total mined: 13
==================================================

[CHAIN] 블록 추가 성공: height=163, hash=000000f60bb71e35...
[Miner] Block added and broadcasted. New height: 163

[Miner] Mining block 164...

[Miner] Mining block 164...

[Miner] Mining block 164...

[Miner] Mining block 164...

[Miner] Mining block 164...

[Status] Height: 163 | Peers: 1 | Mempool: 0 txs | Mined: 13 blocks | Hashrate: 353279 H/s

[Miner] Mining block 164...

[Miner] Mining block 164...

[Miner] Mining block 164...

[Miner] Mining block 164...

[Miner] Mining block 164...

[Miner] Mining block 164...

[Miner] Mining block 164...

[Miner] Mining block 164...

[Miner] Mining block 164...

[Miner] Mining block 164...

[Miner] Mining block 164...

[Miner] Mining block 164...

[Miner] Mining block 164...

[Status] Height: 163 | Peers: 1 | Mempool: 0 txs | Mined: 13 blocks | Hashrate: 367472 H/s

[Miner] Mining block 164...

[Miner] Mining block 164...

==================================================
[Miner] *** BLOCK FOUND! ***
  Height: 164
  Hash: bdeb9b1da73d55f6747b3d5fa9f391d40c7bb17b3919dc4510b530b314000000
  Nonce: 245296
  Time: 0.55s
  Hashrate: 447000 H/s
  Total mined: 14
==================================================

[CHAIN] 블록 추가 성공: height=164, hash=00000014b330b510...
[Miner] Block added and broadcasted. New height: 164

[Miner] Mining block 165...

[Miner] Mining block 165...

[Miner] Mining block 165...

[Miner] Mining block 165...

[Miner] Mining block 165...

[Miner] Mining block 165...

[Miner] Mining block 165...

[Miner] Mining block 165...

[Miner] Mining block 165...

[Miner] Mining block 165...

[Miner] Mining block 165...

[Miner] Mining block 165...

[Status] Height: 164 | Peers: 1 | Mempool: 0 txs | Mined: 14 blocks | Hashrate: 378609 H/s

[Miner] Mining block 165...

[Miner] Mining block 165...

[Miner] Mining block 165...

[Miner] Mining block 165...

[Miner] Mining block 165...

[Miner] Mining block 165...

[Miner] Mining block 165...

[Miner] Mining block 165...

[Miner] Mining block 165...

[Miner] Mining block 165...

[Miner] Mining block 165...

[Miner] Mining block 165...

==================================================
[Miner] *** BLOCK FOUND! ***
  Height: 165
  Hash: 803ef13aad6fe762179eef2c664482164d35f445f81cf0dd7666e630fe000000
  Nonce: 199868
  Time: 0.58s
  Hashrate: 343282 H/s
  Total mined: 15
==================================================

[CHAIN] 블록 추가 성공: height=165, hash=000000fe30e66676...
[Miner] Block added and broadcasted. New height: 165

[Miner] Mining block 166...

[Status] Height: 165 | Peers: 1 | Mempool: 0 txs | Mined: 15 blocks | Hashrate: 382255 H/s

[Miner] Mining block 166...

==================================================
[Miner] *** BLOCK FOUND! ***
  Height: 166
  Hash: b1ee59ea919476bec5ba980332d006680c54602acf284fe215f3e5c2f9010000
  Nonce: 422998
  Time: 0.96s
  Hashrate: 439919 H/s
  Total mined: 16
==================================================

[CHAIN] 블록 추가 성공: height=166, hash=000001f9c2e5f315...
[Miner] Block added and broadcasted. New height: 166

[Miner] Mining block 167...

[Miner] Mining block 167...

[Miner] Mining block 167...

[Miner] Mining block 167...

[Miner] Mining block 167...

[Miner] Mining block 167...

[Miner] Mining block 167...

[Miner] Mining block 167...

[Miner] Mining block 167...

[Miner] Mining block 167...

[Miner] Mining block 167...

[Miner] Mining block 167...

[Status] Height: 166 | Peers: 1 | Mempool: 0 txs | Mined: 16 blocks | Hashrate: 385900 H/s

[Miner] Mining block 167...

[Miner] Mining block 167...

[Miner] Mining block 167...

[Miner] Mining block 167...

[Miner] Mining block 167...

[Miner] Mining block 167...

[Miner] Mining block 167...

[Miner] Mining block 167...

[Miner] Mining block 167...

[Miner] Mining block 167...

[Miner] Mining block 167...

[Miner] Mining block 167...

[Miner] Mining block 167...

[Status] Height: 166 | Peers: 1 | Mempool: 0 txs | Mined: 16 blocks | Hashrate: 390779 H/s

[Miner] Mining block 167...

==================================================
[Miner] *** BLOCK FOUND! ***
  Height: 167
  Hash: 02b704e7773b04382a91b103dc408d4c712ce70758d9eb1c4f7c676b9f000000
  Nonce: 863399
  Time: 2.01s
  Hashrate: 430362 H/s
  Total mined: 17
==================================================

[CHAIN] 블록 추가 성공: height=167, hash=0000009f6b677c4f...
[Miner] Block added and broadcasted. New height: 167

[Miner] Mining block 168...

[Miner] Mining block 168...

==================================================
[Miner] *** BLOCK FOUND! ***
  Height: 168
  Hash: e7e5b2f59f4d597c2e7863a6fd5ef0d2c1fb16cf03ddf059b46e9b7adc000000
  Nonce: 538562
  Time: 1.21s
  Hashrate: 445514 H/s
  Total mined: 18
==================================================

[CHAIN] 블록 추가 성공: height=168, hash=000000dc7a9b6eb4...
[Miner] Block added and broadcasted. New height: 168

[Miner] Mining block 169...

[Miner] Mining block 169...

[Miner] Mining block 169...

==================================================
[Miner] *** BLOCK FOUND! ***
  Height: 169
  Hash: c7049c9e30b6a333fa526f82d5b9626d3aa333c9df680a9843983fc6d6000000
  Nonce: 42758
  Time: 0.10s
  Hashrate: 437487 H/s
  Total mined: 19
==================================================

[CHAIN] 블록 추가 성공: height=169, hash=000000d6c63f9843...
[Miner] Block added and broadcasted. New height: 169

[Miner] Mining block 170...

[Miner] Mining block 170...

[Miner] Mining block 170...

==================================================
[Miner] *** BLOCK FOUND! ***
  Height: 170
  Hash: 4381058a721922828a93aa92df238af176b11e0870aef849c102238609000000
  Nonce: 252657
  Time: 0.58s
  Hashrate: 439233 H/s
  Total mined: 20
==================================================

[CHAIN] 블록 추가 성공: height=170, hash=00000009862302c1...
[Miner] Block added and broadcasted. New height: 170

[Miner] Mining block 171...

[Miner] Mining block 171...

[Miner] Mining block 171...

[Miner] Mining block 171...

==================================================
[Miner] *** BLOCK FOUND! ***
  Height: 171
  Hash: a9e155f291bcf81b6c2f9f997806f38f5aa43e1250d50c411931027a55000000
  Nonce: 655289
  Time: 1.49s
  Hashrate: 439114 H/s
  Total mined: 21
==================================================

[CHAIN] 블록 추가 성공: height=171, hash=000000557a023119...
[Miner] Block added and broadcasted. New height: 171

[Miner] Mining block 172...

[Miner] Mining block 172...

[Miner] Mining block 172...

[Status] Height: 171 | Peers: 1 | Mempool: 0 txs | Mined: 21 blocks | Hashrate: 395857 H/s

==================================================
[Miner] *** BLOCK FOUND! ***
  Height: 172
  Hash: aae9898fdd8acaa18a45be3b4a64bcea21acf1a7a0ad5d7c55f15a9f94000000
  Nonce: 780303
  Time: 1.82s
  Hashrate: 427646 H/s
  Total mined: 22
==================================================

[CHAIN] 블록 추가 성공: height=172, hash=000000949f5af155...
[Miner] Block added and broadcasted. New height: 172

[Miner] Mining block 173...

[Miner] Mining block 173...

[Miner] Mining block 173...

[Miner] Mining block 173...

[Miner] Mining block 173...

[Miner] Mining block 173...

[Miner] Mining block 173...

[Miner] Mining block 173...

[Miner] Mining block 173...

[Miner] Mining block 173...

[Miner] Mining block 173...

[Miner] Mining block 173...

[Miner] Mining block 173...

[Status] Height: 172 | Peers: 1 | Mempool: 0 txs | Mined: 22 blocks | Hashrate: 398431 H/s

[Miner] Mining block 173...

[Miner] Mining block 173...

[Miner] Mining block 173...

[Miner] Mining block 173...

[Miner] Mining block 173...

[Miner] Mining block 173...

[Miner] Mining block 173...

[Miner] Mining block 173...

[Miner] Mining block 173...

[Miner] Mining block 173...

==================================================
[Miner] *** BLOCK FOUND! ***
  Height: 173
  Hash: c9b107a8b219a96630440bbe78563dde8d7843cb552c1c5ca0e61f5639000000
  Nonce: 24759
  Time: 0.06s
  Hashrate: 441966 H/s
  Total mined: 23
==================================================

[CHAIN] 블록 추가 성공: height=173, hash=00000039561fe6a0...
[Miner] Block added and broadcasted. New height: 173

[Miner] Mining block 174...

[Miner] Mining block 174...

[Miner] Mining block 174...

==================================================
[Miner] *** BLOCK FOUND! ***
  Height: 174
  Hash: a5a8a4fa598eb7a3dac968f8eea5e6ccb3012a60f990863f053bbe4367010000
  Nonce: 656087
  Time: 1.49s