<frozen runpy>:128: RuntimeWarning: 'jackpotchain.cli.main' found in sys.modules after import of package 'jackpotchain.cli', but prior to execution of 'jackpotchain.cli.main'; this may result in unpredictable behaviour
Starting JackpotChain node on port 8333...
Data directory: ./data
[Chain] Loading 225 blocks from storage...
[Chain] Loaded 225 blocks. Height: 224
NAT 포트 매핑 실패 - 아웃바운드 전용 모드로 동작
[NAT] 포트 매핑 실패 - 아웃바운드 전용 모드
Node running. RPC at http://127.0.0.1:8332
Press Ctrl+C to stop
[SYNC] VERSION 전송: height=224 to 127.0.0.1:8333
Mining enabled. Reward address: X4Eq8y3Xn6esGzU2yvYAcTthQwhb8dFiCy
[DEBUG] mempool=0, selected=0

[Miner] Mining block 225...
[SYNC] VERSION 수신: height=224 from 127.0.0.1:3491
[SYNC] VERSION 전송: height=224 to 127.0.0.1:3491
[SYNC] VERSION 수신: height=224 from 127.0.0.1:8333
[SYNC] 동기화 불필요: 로컬=224, 피어=224
[SYNC] 동기화 불필요: 로컬=224, 피어=224

==================================================
[Miner] *** BLOCK FOUND! ***
  Height: 225
  Hash: f12033a103723eb54f9801a106f05e5a5d0880e4169f948b3e1083858d000000
  Nonce: 430146
  Time: 1.04s
  Hashrate: 415440 H/s
  Total mined: 1
==================================================

[CHAIN] 블록 추가 성공: height=225, hash=0000008d8583103e...
[Miner] Block added and broadcasted. New height: 225
[SYNC] INV 수신: 블록 1개, TX 0개 from 127.0.0.1:8333
[SYNC] INV 수신: 블록 1개, TX 0개 from 127.0.0.1:3491
[DEBUG] mempool=0, selected=0

[Miner] Mining block 226...
[DEBUG] mempool=0, selected=0

[Miner] Mining block 226...
[DEBUG] mempool=0, selected=0

[Miner] Mining block 226...
[DEBUG] mempool=0, selected=0

[Miner] Mining block 226...
[DEBUG] mempool=0, selected=0

[Miner] Mining block 226...
[DEBUG] mempool=0, selected=0

[Miner] Mining block 226...

==================================================
[Miner] *** BLOCK FOUND! ***
  Height: 226
  Hash: c0341b95e14fae6553d796ad5a8d759cf572a81365ca693e0cf49527c9000000
  Nonce: 603322
  Time: 1.39s
  Hashrate: 435446 H/s
  Total mined: 2
==================================================

[CHAIN] 블록 추가 성공: height=226, hash=000000c92795f40c...
[Miner] Block added and broadcasted. New height: 226
[SYNC] INV 수신: 블록 1개, TX 0개 from 127.0.0.1:8333
[SYNC] INV 수신: 블록 1개, TX 0개 from 127.0.0.1:3491
[DEBUG] mempool=0, selected=0

[Miner] Mining block 227...
[DEBUG] mempool=0, selected=0

[Miner] Mining block 227...
[DEBUG] mempool=0, selected=0

[Miner] Mining block 227...
[DEBUG] mempool=0, selected=0

[Miner] Mining block 227...
[DEBUG] mempool=0, selected=0

[Miner] Mining block 227...
[SYNC] INV 수신: 블록 0개, TX 1개 from 127.0.0.1:8333
[SYNC] INV 수신: 블록 0개, TX 1개 from 127.0.0.1:3491

==================================================
[Miner] *** BLOCK FOUND! ***
  Height: 227
  Hash: e7969f93ea265982ad1a4c5a2fe7846deeef07015159a1df10a175f202000000
  Nonce: 785447
  Time: 1.82s
  Hashrate: 431582 H/s
  Total mined: 3
==================================================

[CHAIN] 블록 추가 성공: height=227, hash=00000002f275a110...
[Miner] Block added and broadcasted. New height: 227
[SYNC] INV 수신: 블록 1개, TX 0개 from 127.0.0.1:8333
[SYNC] INV 수신: 블록 1개, TX 0개 from 127.0.0.1:3491
[MEMPOOL] TX 선택 시작: 1개 후보
[MEMPOOL] TX 02d9db8750f60674 선택됨 (size=385)
[DEBUG] mempool=1, selected=1
[Miner] 블록에 TX 1개 포함: ['02d9db8750f60674']

[Miner] Mining block 228...
[MEMPOOL] TX 선택 시작: 1개 후보
[MEMPOOL] TX 02d9db8750f60674 선택됨 (size=385)
[DEBUG] mempool=1, selected=1
[Miner] 블록에 TX 1개 포함: ['02d9db8750f60674']

[Miner] Mining block 228...
[MEMPOOL] TX 선택 시작: 1개 후보
[MEMPOOL] TX 02d9db8750f60674 선택됨 (size=385)
[DEBUG] mempool=1, selected=1
[Miner] 블록에 TX 1개 포함: ['02d9db8750f60674']

[Miner] Mining block 228...

[Status] Height: 227 | Peers: 2 | Mempool: 1 txs | Mined: 3 blocks | Hashrate: 262862 H/s
[SYNC] VERSION 전송: height=227 to 54.116.13.57:9333
[SYNC] VERSION 수신: height=224 from 54.116.13.57:9333
[SYNC] 동기화 불필요: 로컬=227, 피어=224
[SYNC] GETBLOCKS 수신 from 54.116.13.57:9333, locator 크기: 16
[SYNC] 분기점: height=224
[SYNC] INV 응답: 3개 블록 해시 전송
[MEMPOOL] TX 선택 시작: 1개 후보
[MEMPOOL] TX 02d9db8750f60674 선택됨 (size=385)
[DEBUG] mempool=1, selected=1
[Miner] 블록에 TX 1개 포함: ['02d9db8750f60674']

[Miner] Mining block 228...
[MEMPOOL] TX 선택 시작: 1개 후보
[MEMPOOL] TX 02d9db8750f60674 선택됨 (size=385)
[DEBUG] mempool=1, selected=1
[Miner] 블록에 TX 1개 포함: ['02d9db8750f60674']

[Miner] Mining block 228...
[MEMPOOL] TX 선택 시작: 1개 후보
[MEMPOOL] TX 02d9db8750f60674 선택됨 (size=385)
[DEBUG] mempool=1, selected=1
[Miner] 블록에 TX 1개 포함: ['02d9db8750f60674']

[Miner] Mining block 228...
[MEMPOOL] TX 선택 시작: 1개 후보
[MEMPOOL] TX 02d9db8750f60674 선택됨 (size=385)
[DEBUG] mempool=1, selected=1
[Miner] 블록에 TX 1개 포함: ['02d9db8750f60674']

[Miner] Mining block 228...
[MEMPOOL] TX 선택 시작: 1개 후보
[MEMPOOL] TX 02d9db8750f60674 선택됨 (size=385)
[DEBUG] mempool=1, selected=1
[Miner] 블록에 TX 1개 포함: ['02d9db8750f60674']

[Miner] Mining block 228...
[MEMPOOL] TX 선택 시작: 1개 후보
[MEMPOOL] TX 02d9db8750f60674 선택됨 (size=385)
[DEBUG] mempool=1, selected=1
[Miner] 블록에 TX 1개 포함: ['02d9db8750f60674']

[Miner] Mining block 228...
[MEMPOOL] TX 선택 시작: 1개 후보
[MEMPOOL] TX 02d9db8750f60674 선택됨 (size=385)
[DEBUG] mempool=1, selected=1
[Miner] 블록에 TX 1개 포함: ['02d9db8750f60674']

[Miner] Mining block 228...
[MEMPOOL] TX 선택 시작: 1개 후보
[MEMPOOL] TX 02d9db8750f60674 선택됨 (size=385)
[DEBUG] mempool=1, selected=1
[Miner] 블록에 TX 1개 포함: ['02d9db8750f60674']

[Miner] Mining block 228...

==================================================
[Miner] *** BLOCK FOUND! ***
  Height: 228
  Hash: dd4167e5dad10656cc7cfbb24872b58353957d9f353ce64e3f1def5a95000000
  Nonce: 65116
  Time: 0.15s
  Hashrate: 444181 H/s
  Total mined: 4
==================================================

[CHAIN] 블록 추가 성공: height=228, hash=000000955aef1d3f...
[Miner] Block added and broadcasted. New height: 228
[SYNC] INV 수신: 블록 1개, TX 0개 from 127.0.0.1:8333
[SYNC] INV 수신: 블록 1개, TX 0개 from 127.0.0.1:3491
[DEBUG] mempool=0, selected=0

[Miner] Mining block 229...
[DEBUG] mempool=0, selected=0

[Miner] Mining block 229...
[DEBUG] mempool=0, selected=0

[Miner] Mining block 229...
[DEBUG] mempool=0, selected=0

[Miner] Mining block 229...
[DEBUG] mempool=0, selected=0

[Miner] Mining block 229...

[Status] Height: 228 | Peers: 3 | Mempool: 0 txs | Mined: 4 blocks | Hashrate: 315676 H/s
[DEBUG] mempool=0, selected=0

[Miner] Mining block 229...
[DEBUG] mempool=0, selected=0

[Miner] Mining block 229...
[DEBUG] mempool=0, selected=0

[Miner] Mining block 229...
[DEBUG] mempool=0, selected=0

[Miner] Mining block 229...
[DEBUG] mempool=0, selected=0

[Miner] Mining block 229...
[DEBUG] mempool=0, selected=0

[Miner] Mining block 229...
[DEBUG] mempool=0, selected=0

[Miner] Mining block 229...

==================================================
[Miner] *** BLOCK FOUND! ***
  Height: 229
  Hash: 89cc7094f5446087404ce0c9c8ca34a9b875372c88f24179e4c6bed741000000
  Nonce: 296265
  Time: 0.66s
  Hashrate: 450239 H/s
  Total mined: 5
==================================================

[CHAIN] 블록 추가 성공: height=229, hash=00000041d7bec6e4...
[Miner] Block added and broadcasted. New height: 229
[SYNC] INV 수신: 블록 1개, TX 0개 from 127.0.0.1:8333
[SYNC] INV 수신: 블록 1개, TX 0개 from 127.0.0.1:3491
[DEBUG] mempool=0, selected=0

[Miner] Mining block 230...
[DEBUG] mempool=0, selected=0

[Miner] Mining block 230...
[DEBUG] mempool=0, selected=0

[Miner] Mining block 230...
[DEBUG] mempool=0, selected=0

[Miner] Mining block 230...
[DEBUG] mempool=0, selected=0

[Miner] Mining block 230...
[DEBUG] mempool=0, selected=0

[Miner] Mining block 230...
[DEBUG] mempool=0, selected=0

[Miner] Mining block 230...

[Status] Height: 229 | Peers: 3 | Mempool: 0 txs | Mined: 5 blocks | Hashrate: 350704 H/s
[DEBUG] mempool=0, selected=0

[Miner] Mining block 230...
[DEBUG] mempool=0, selected=0

[Miner] Mining block 230...

==================================================
[Miner] *** BLOCK FOUND! ***
  Height: 230
  Hash: 69a8ba8b6938323b9524b6128ef9e835c14c1aa7296aae0519a7942db6000000
  Nonce: 787689
  Time: 1.88s
  Hashrate: 419752 H/s
  Total mined: 6
==================================================

[CHAIN] 블록 추가 성공: height=230, hash=000000b62d94a719...
[Miner] Block added and broadcasted. New height: 230
[SYNC] INV 수신: 블록 1개, TX 0개 from 127.0.0.1:8333
[SYNC] INV 수신: 블록 1개, TX 0개 from 127.0.0.1:3491
[DEBUG] mempool=0, selected=0

[Miner] Mining block 231...
[DEBUG] mempool=0, selected=0

[Miner] Mining block 231...
[DEBUG] mempool=0, selected=0

[Miner] Mining block 231...
[DEBUG] mempool=0, selected=0

[Miner] Mining block 231...
[DEBUG] mempool=0, selected=0

[Miner] Mining block 231...
[DEBUG] mempool=0, selected=0

[Miner] Mining block 231...
[DEBUG] mempool=0, selected=0

[Miner] Mining block 231...
[DEBUG] mempool=0, selected=0

[Miner] Mining block 231...
[DEBUG] mempool=0, selected=0

[Miner] Mining block 231...
[DEBUG] mempool=0, selected=0

[Miner] Mining block 231...
[DEBUG] mempool=0, selected=0

[Miner] Mining block 231...

[Status] Height: 230 | Peers: 3 | Mempool: 0 txs | Mined: 6 blocks | Hashrate: 366922 H/s
[DEBUG] mempool=0, selected=0

[Miner] Mining block 231...

==================================================
[Miner] *** BLOCK FOUND! ***
  Height: 231
  Hash: 9474238c5dc5a725b448a1cb0f1e8a1d2169661073b58a841c0e5e841b000000
  Nonce: 299177
  Time: 0.68s
  Hashrate: 441275 H/s
  Total mined: 7
==================================================

[CHAIN] 블록 추가 성공: height=231, hash=0000001b845e0e1c...
[Miner] Block added and broadcasted. New height: 231
[SYNC] INV 수신: 블록 1개, TX 0개 from 127.0.0.1:8333
[SYNC] INV 수신: 블록 1개, TX 0개 from 127.0.0.1:3491
[DEBUG] mempool=0, selected=0

[Miner] Mining block 232...
[DEBUG] mempool=0, selected=0

[Miner] Mining block 232...

==================================================
[Miner] *** BLOCK FOUND! ***
  Height: 232
  Hash: 971c82256f55b7fdb8b6f18ab1336dc1694f7fe46493043d0c8459640d010000
  Nonce: 288936
  Time: 0.68s
  Hashrate: 422639 H/s
  Total mined: 8
==================================================

[CHAIN] 블록 추가 성공: height=232, hash=0000010d6459840c...
[Miner] Block added and broadcasted. New height: 232
[SYNC] INV 수신: 블록 1개, TX 0개 from 127.0.0.1:8333
[SYNC] INV 수신: 블록 1개, TX 0개 from 127.0.0.1:3491
[DEBUG] mempool=0, selected=0

[Miner] Mining block 233...
[DEBUG] mempool=0, selected=0

[Miner] Mining block 233...
[DEBUG] mempool=0, selected=0

[Miner] Mining block 233...
[DEBUG] mempool=0, selected=0

[Miner] Mining block 233...
[DEBUG] mempool=0, selected=0

[Miner] Mining block 233...
[DEBUG] mempool=0, selected=0

[Miner] Mining block 233...
[DEBUG] mempool=0, selected=0

[Miner] Mining block 233...
[DEBUG] mempool=0, selected=0

[Miner] Mining block 233...
[DEBUG] mempool=0, selected=0

[Miner] Mining block 233...
[DEBUG] mempool=0, selected=0

[Miner] Mining block 233...
[DEBUG] mempool=0, selected=0

[Miner] Mining block 233...
